<html>
<body>
<pre>
<h1>礦ision Build Log</h1>
<h2>Project:</h2>
C:\Users\Administrator\Desktop\新品发布\2.9\S-GDEY029T94-210414\USER\EPD.uvproj
Project File Date:  09/29/2020

<h2>Output:</h2>
Build target 'Target 1'
compiling main.c...
main.c(20): warning:  #177-D: variable "fen_L" was declared but never referenced
        unsigned char fen_L,fen_H,miao_L,miao_H;
main.c(20): warning:  #177-D: variable "fen_H" was declared but never referenced
        unsigned char fen_L,fen_H,miao_L,miao_H;
main.c(20): warning:  #177-D: variable "miao_L" was declared but never referenced
        unsigned char fen_L,fen_H,miao_L,miao_H;
main.c(20): warning:  #177-D: variable "miao_H" was declared but never referenced
        unsigned char fen_L,fen_H,miao_L,miao_H;
main.c: 4 warnings, 0 errors
linking...
Program Size: Code=6692 RO-data=18512 RW-data=52 ZI-data=1836  
FromELF: creating hex file...
"..\OBJ\EPD.axf" - 0 Error(s), 4 Warning(s).
Load "..\\OBJ\\EPD.axf" 
Set JLink Project File to "C:\Users\Administrator\Desktop\新品发布\2.9\S-GDEY029T94-210414\USER\JLinkSettings.ini"
* JLink Info: Device "STM32F103VE" selected (512 KB flash, 64 KB RAM).
 
JLink info:
------------
DLL: V4.76d, compiled Sep 13 2013 16:35:06
Firmware: J-Link V9 compiled Feb 16 2018 13:04:36
Hardware: V9.30
S/N : 59300616 
Feature(s) : RDI, FlashBP, FlashDL, JFlash, GDB 
 
* JLink Info: Found SWD-DP with ID 0x1BA01477
* JLink Info: Found SWD-DP with ID 0x1BA01477
* JLink Info: Found Cortex-M3 r1p1, Little endian.
* JLink Info: FPUnit: 6 code (BP) slots and 2 literal slots
* JLink Info: TPIU fitted.
* JLink Info: ETM fitted.
ROMTableAddr = 0xE00FF003
 
Target info:
------------
Device: STM32F103VE
VTarget = 3.285V
State of Pins: 
TCK: 0, TDI: 0, TDO: 0, TMS: 1, TRES: 1, TRST: 1
Hardware-Breakpoints: 6
Software-Breakpoints: 8192
Watchpoints:          4
JTAG speed: 4000 kHz
 
Erase Done.
Programming Done.
Verify OK.
Application running ...
</pre>
</body>
</html>
