Component: Arm Compiler for Embedded 6.18 Tool: armlink [5e4cc100]

==============================================================================

Section Cross References

    main.o(.text._Z14gfx_draw_pixeliij) refers to lcd_devebox.o(.text._ZN10LcdDevEBox8instanceEv) for LcdDevEBox::instance()
    main.o(.text._Z14gfx_draw_pixeliij) refers to lcd_devebox.o(.text._ZN10LcdDevEBox14fast_drawPointEttt) for LcdDevEBox::fast_drawPoint(unsigned short, unsigned short, unsigned short)
    main.o(.ARM.exidx.text._Z14gfx_draw_pixeliij) refers to main.o(.text._Z14gfx_draw_pixeliij) for [Anonymous Symbol]
    main.o(.text._Z13gfx_fill_rectiiiij) refers to lcd_devebox.o(.text._ZN10LcdDevEBox8instanceEv) for LcdDevEBox::instance()
    main.o(.text._Z13gfx_fill_rectiiiij) refers to lcd_devebox.o(.text._ZN10LcdDevEBox13drawRectangleEttttt) for LcdDevEBox::drawRectangle(unsigned short, unsigned short, unsigned short, unsigned short, unsigned short)
    main.o(.ARM.exidx.text._Z13gfx_fill_rectiiiij) refers to main.o(.text._Z13gfx_fill_rectiiiij) for [Anonymous Symbol]
    main.o(.text.main) refers to stm32f4xx_hal.o(.text.HAL_Init) for HAL_Init
    main.o(.text.main) refers to blink.o(.text._ZN5Blink8instanceEv) for Blink::instance()
    main.o(.text.main) refers to flash.o(.text._ZN5Flash8instanceEv) for Flash::instance()
    main.o(.text.main) refers to lcd_devebox.o(.text._ZN10LcdDevEBox8instanceEv) for LcdDevEBox::instance()
    main.o(.text.main) refers to main.o(.bss.my_gfx_op) for my_gfx_op
    main.o(.text.main) refers to main.o(.text._Z14gfx_draw_pixeliij) for gfx_draw_pixel(int, int, unsigned int)
    main.o(.text.main) refers to main.o(.text._Z13gfx_fill_rectiiiij) for gfx_fill_rect(int, int, int, int, unsigned int)
    main.o(.text.main) refers to uicode.o(.text._Z14startHelloWavePviiiP15EXTERNAL_GFX_OP) for startHelloWave(void*, int, int, int, EXTERNAL_GFX_OP*)
    main.o(.ARM.exidx.text.main) refers to main.o(.text.main) for [Anonymous Symbol]
    blink.o(.text._ZN5BlinkC2Ev) refers to blink.o(.text._ZL20LL_RCC_HSE_EnableCSSv) for LL_RCC_HSE_EnableCSS()
    blink.o(.text._ZN5BlinkC2Ev) refers to system_stm32f4xx.o(.text.SystemCoreClockUpdate) for SystemCoreClockUpdate
    blink.o(.text._ZN5BlinkC2Ev) refers to stm32f4xx_ll_rcc.o(.text.LL_RCC_GetSystemClocksFreq) for LL_RCC_GetSystemClocksFreq
    blink.o(.text._ZN5BlinkC2Ev) refers to stm32f4xx_ll_utils.o(.text.LL_Init1msTick) for LL_Init1msTick
    blink.o(.text._ZN5BlinkC2Ev) refers to stm32f4xx_ll_utils.o(.text.LL_SetSystemCoreClock) for LL_SetSystemCoreClock
    blink.o(.text._ZN5BlinkC2Ev) refers to blink.o(.rodata..L__const.Blink.GPIO_InitTypeDef) for .L__const.Blink.GPIO_InitTypeDef
    blink.o(.text._ZN5BlinkC2Ev) refers to blink.o(.text._ZL24LL_AHB1_GRP1_EnableClockj) for LL_AHB1_GRP1_EnableClock(unsigned int)
    blink.o(.text._ZN5BlinkC2Ev) refers to stm32f4xx_ll_gpio.o(.text.LL_GPIO_Init) for LL_GPIO_Init
    blink.o(.text._ZN5BlinkC2Ev) refers to blink.o(.rodata..L__const.Blink.TIM_InitTypeDef) for .L__const.Blink.TIM_InitTypeDef
    blink.o(.text._ZN5BlinkC2Ev) refers to blink.o(.text._ZL24LL_APB1_GRP1_EnableClockj) for LL_APB1_GRP1_EnableClock(unsigned int)
    blink.o(.text._ZN5BlinkC2Ev) refers to blink.o(.text._ZL26__NVIC_GetPriorityGroupingv) for __NVIC_GetPriorityGrouping()
    blink.o(.text._ZN5BlinkC2Ev) refers to blink.o(.text._ZL19NVIC_EncodePriorityjjj) for NVIC_EncodePriority(unsigned int, unsigned int, unsigned int)
    blink.o(.text._ZN5BlinkC2Ev) refers to blink.o(.text._ZL18__NVIC_SetPriority9IRQn_Typej) for __NVIC_SetPriority(IRQn_Type, unsigned int)
    blink.o(.text._ZN5BlinkC2Ev) refers to blink.o(.text._ZL16__NVIC_EnableIRQ9IRQn_Type) for __NVIC_EnableIRQ(IRQn_Type)
    blink.o(.text._ZN5BlinkC2Ev) refers to stm32f4xx_ll_tim.o(.text.LL_TIM_Init) for LL_TIM_Init
    blink.o(.ARM.exidx.text._ZN5BlinkC2Ev) refers to blink.o(.text._ZN5BlinkC2Ev) for [Anonymous Symbol]
    blink.o(.ARM.exidx.text._ZL20LL_RCC_HSE_EnableCSSv) refers to blink.o(.text._ZL20LL_RCC_HSE_EnableCSSv) for [Anonymous Symbol]
    blink.o(.ARM.exidx.text._ZL24LL_AHB1_GRP1_EnableClockj) refers to blink.o(.text._ZL24LL_AHB1_GRP1_EnableClockj) for [Anonymous Symbol]
    blink.o(.ARM.exidx.text._ZL24LL_APB1_GRP1_EnableClockj) refers to blink.o(.text._ZL24LL_APB1_GRP1_EnableClockj) for [Anonymous Symbol]
    blink.o(.ARM.exidx.text._ZL18__NVIC_SetPriority9IRQn_Typej) refers to blink.o(.text._ZL18__NVIC_SetPriority9IRQn_Typej) for [Anonymous Symbol]
    blink.o(.ARM.exidx.text._ZL19NVIC_EncodePriorityjjj) refers to blink.o(.text._ZL19NVIC_EncodePriorityjjj) for [Anonymous Symbol]
    blink.o(.ARM.exidx.text._ZL26__NVIC_GetPriorityGroupingv) refers to blink.o(.text._ZL26__NVIC_GetPriorityGroupingv) for [Anonymous Symbol]
    blink.o(.ARM.exidx.text._ZL16__NVIC_EnableIRQ9IRQn_Type) refers to blink.o(.text._ZL16__NVIC_EnableIRQ9IRQn_Type) for [Anonymous Symbol]
[...]
    c_surface::fill_rect_on_fb(int, int, int, int, unsigned int) 0x08007045   Thumb Code   460  uicode.o(.text._ZN9c_surface15fill_rect_on_fbEiiiij)
    c_surface::draw_pixel_on_fb(int, int, unsigned int) 0x08007211   Thumb Code   290  uicode.o(.text._ZN9c_surface16draw_pixel_on_fbEiij)
    c_surface::draw_rect(c_rect, unsigned int, unsigned int, unsigned int) 0x08007335   Thumb Code    76  uicode.o(.text._ZN9c_surface9draw_rectE6c_rectjjj)
    c_surface::draw_rect(int, int, int, int, unsigned int, unsigned int, unsigned int) 0x08007381   Thumb Code   226  uicode.o(.text._ZN9c_surface9draw_rectEiiiijjj)
    c_surface::fill_rect(c_rect, unsigned int, unsigned int) 0x08007465   Thumb Code    68  uicode.o(.text._ZN9c_surface9fill_rectE6c_rectjj)
    c_surface::fill_rect(int, int, int, int, unsigned int, unsigned int) 0x080074a9   Thumb Code   560  uicode.o(.text._ZN9c_surface9fill_rectEiiiijj)
    c_surface::get_pixel(int, int, unsigned int) 0x080076d9   Thumb Code   416  uicode.o(.text._ZN9c_surface9get_pixelEiij)
    c_surface::c_surface__sub_object(unsigned int, unsigned int, unsigned int, Z_ORDER_LEVEL, c_rect) 0x08007879   Thumb Code   272  uicode.o(.text._ZN9c_surfaceC2Ejjj13Z_ORDER_LEVEL6c_rect)
    c_wnd::get_parent() const                0x08007989   Thumb Code    12  uicode.o(.text._ZNK5c_wnd10get_parentEv)
    c_wnd::wnd2screen(int&, int&) const      0x08007995   Thumb Code    94  uicode.o(.text._ZNK5c_wnd10wnd2screenERiS0_)
    c_wnd::get_wnd_ptr(unsigned short) const 0x080079f5   Thumb Code    56  uicode.o(.text._ZNK5c_wnd11get_wnd_ptrEt)
    c_wnd::get_wnd_rect(c_rect&) const       0x08007a2d   Thumb Code    42  uicode.o(.text._ZNK5c_wnd12get_wnd_rectER6c_rect)
    c_wnd::is_focus_wnd() const              0x08007a59   Thumb Code    44  uicode.o(.text._ZNK5c_wnd12is_focus_wndEv)
    c_wnd::get_last_child() const            0x08007a85   Thumb Code    56  uicode.o(.text._ZNK5c_wnd14get_last_childEv)
    c_wnd::get_screen_rect(c_rect&) const    0x08007abd   Thumb Code    82  uicode.o(.text._ZNK5c_wnd15get_screen_rectER6c_rect)
    c_wnd::get_next_sibling() const          0x08007b11   Thumb Code    12  uicode.o(.text._ZNK5c_wnd16get_next_siblingEv)
    c_wnd::get_id() const                    0x08007b1d   Thumb Code    12  uicode.o(.text._ZNK5c_wnd6get_idEv)
    c_rect::pt_in_rect(int, int) const       0x08007b29   Thumb Code    86  uicode.o(.text._ZNK6c_rect10pt_in_rectEii)
    c_rect::width() const                    0x08007b81   Thumb Code    18  uicode.o(.text._ZNK6c_rect5widthEv)
    c_rect::height() const                   0x08007b95   Thumb Code    18  uicode.o(.text._ZNK6c_rect6heightEv)
    c_rect::operator==(c_rect const&) const  0x08007ba9   Thumb Code    92  uicode.o(.text._ZNK6c_recteqERKS_)
    operator delete(void*)                   0x08007c05   Thumb Code     4  new.cpp.o(.text._ZdlPv)
    abort_message                            0x08008505   Thumb Code     4  abort_message.cpp.o(.text.abort_message)
    delay_ms                                 0x08008509   Thumb Code    20  uicode.o(.text.delay_ms)
    main                                     0x0800851d   Thumb Code    76  main.o(.text.main)
    __cxa_guard_acquire                      0x08008569   Thumb Code    40  cxa_guard.cpp.o(.text.unlikely.__cxa_guard_acquire)
    __cxa_guard_release                      0x080085c9   Thumb Code     8  cxa_guard.cpp.o(.text.unlikely.__cxa_guard_release)
    _btod_d2e                                0x080085d1   Thumb Code    62  btod.o(CL$$btod_d2e)
    _d2e_denorm_low                          0x0800860f   Thumb Code    70  btod.o(CL$$btod_d2e_denorm_low)
    _d2e_norm_op1                            0x08008655   Thumb Code    96  btod.o(CL$$btod_d2e_norm_op1)
    __btod_div_common                        0x080086b5   Thumb Code   696  btod.o(CL$$btod_div_common)
    _e2e                                     0x080089ed   Thumb Code   220  btod.o(CL$$btod_e2e)
    _btod_ediv                               0x08008ac9   Thumb Code    42  btod.o(CL$$btod_ediv)
    _btod_emul                               0x08008af3   Thumb Code    42  btod.o(CL$$btod_emul)
    __btod_mult_common                       0x08008b1d   Thumb Code   580  btod.o(CL$$btod_mult_common)
    __ARM_fpclassify                         0x08008d61   Thumb Code    48  fpclassify.o(i.__ARM_fpclassify)
    _is_digit                                0x08008d91   Thumb Code    14  __printf_wp.o(i._is_digit)
    _get_lc_numeric                          0x08008da1   Thumb Code    44  lc_numeric_c.o(locale$$code)
    _get_lc_ctype                            0x08008dcd   Thumb Code    44  lc_ctype_c.o(locale$$code)
    __aeabi_ddiv                             0x08008df9   Thumb Code     0  ddiv.o(x$fpl$ddiv)
    _ddiv                                    0x08008df9   Thumb Code   556  ddiv.o(x$fpl$ddiv)
    __aeabi_i2d                              0x080090ad   Thumb Code     0  dflt_clz.o(x$fpl$dflt)
    _dflt                                    0x080090ad   Thumb Code    46  dflt_clz.o(x$fpl$dflt)
    __fpl_dnaninf                            0x080090db   Thumb Code   156  dnaninf.o(x$fpl$dnaninf)
    __fpl_dretinf                            0x08009177   Thumb Code    12  dretinf.o(x$fpl$dretinf)
    _fp_init                                 0x08009183   Thumb Code    26  fpinit.o(x$fpl$fpinit)
    __fplib_config_fpu_vfp                   0x0800919b   Thumb Code     0  fpinit.o(x$fpl$fpinit)
    __fplib_config_pureend_doubles           0x0800919b   Thumb Code     0  fpinit.o(x$fpl$fpinit)
    _printf_fp_dec                           0x0800919d   Thumb Code     4  printf1.o(x$fpl$printf1)
    _printf_fp_hex                           0x080091a1   Thumb Code     4  printf2.o(x$fpl$printf2)
    __I$use$fp                               0x080091a4   Number         0  usenofp.o(x$fpl$usenofp)
    AHBPrescTable                            0x08009310   Data          16  system_stm32f4xx.o(.rodata.AHBPrescTable)
    APBPrescTable                            0x08009320   Data           8  system_stm32f4xx.o(.rodata.APBPrescTable)
    Lucida_Console_27                        0x08009328   Data          12  lucida_console_27.o(.rodata.Lucida_Console_27)
    vtable for c_keyboard                    0x08009cfc   Data          56  uicode.o(.rodata._ZTV10c_keyboard)
    vtable for c_wave_ctrl                   0x08009d34   Data          52  uicode.o(.rodata._ZTV11c_wave_ctrl)
    vtable for c_surface_no_fb               0x08009d68   Data          24  uicode.o(.rodata._ZTV15c_surface_no_fb)
    vtable for c_keyboard_button             0x08009d80   Data          52  uicode.o(.rodata._ZTV17c_keyboard_button)
    vtable for c_lattice_font_op             0x08009db4   Data          28  uicode.o(.rodata._ZTV17c_lattice_font_op)
    vtable for c_wnd                         0x08009dd0   Data          52  uicode.o(.rodata._ZTV5c_wnd)
    vtable for c_myUI                        0x08009e04   Data          52  uicode.o(.rodata._ZTV6c_myUI)
    vtable for c_button                      0x08009e38   Data          52  uicode.o(.rodata._ZTV8c_button)
    vtable for c_surface                     0x08009e6c   Data          24  uicode.o(.rodata._ZTV9c_surface)
    Region$$Table$$Base                      0x08009f0c   Number         0  anon$$obj.o(Region$$Table)
    Region$$Table$$Limit                     0x08009f2c   Number         0  anon$$obj.o(Region$$Table)
    __ctype                                  0x08009f55   Data           0  lc_ctype_c.o(locale$$data)
    SHT$$INIT_ARRAY$$Base                    0x0800a058   Number         0  uicode.o(.init_array)
    SHT$$INIT_ARRAY$$Limit                   0x0800a05c   Number         0  init_aeabi.o(.init_array)
    SystemCoreClock                          0x20000000   Data           4  system_stm32f4xx.o(.data.SystemCoreClock)
    c_word::fontOperator                     0x200000f4   Data           4  uicode.o(.data._ZN6c_word12fontOperatorE)
    c_lattice_font_op::get_utf8_code(char const*, unsigned int&)::s_utf8_length_table 0x200000f8   Data         256  uicode.o(.data._ZZN17c_lattice_font_op13get_utf8_codeEPKcRjE19s_utf8_length_table)
    g_key_board_children                     0x200001f8   Data         816  uicode.o(.data.g_key_board_children)
    g_number_board_children                  0x20000528   Data         360  uicode.o(.data.g_number_board_children)
    the_lattice_font_op                      0x20000690   Data           4  uicode.o(.data.the_lattice_font_op)
    uwTickFreq                               0x20000694   Data           1  stm32f4xx_hal.o(.data.uwTickFreq)
    uwTickPrio                               0x20000698   Data           4  stm32f4xx_hal.o(.data.uwTickPrio)
    __libspace_start                         0x200006a0   Data          96  libspace.o(.bss)
    __temporary_stack_top$libspace           0x20000700   Data           0  libspace.o(.bss)
    c_edit::s_keyboard                       0x200030a8   Data         120  uicode.o(.bss._ZN6c_edit10s_keyboardE)
    c_theme::s_font_map                      0x20003120   Data          32  uicode.o(.bss._ZN7c_theme10s_font_mapE)
    c_theme::s_color_map                     0x20003140   Data          44  uicode.o(.bss._ZN7c_theme11s_color_mapE)
    c_myUI::on_clicked(int, int)::index      0x200032b8   Data           4  uicode.o(.bss._ZZN6c_myUI10on_clickedEiiE5index)
    my_gfx_op                                0x200032bc   Data           8  main.o(.bss.my_gfx_op)



==============================================================================

Memory Map of the image

  Image Entry point : 0x08000199

  Load Region LR_IROM1 (Base: 0x08000000, Size: 0x0000a700, Max: 0x00040000, ABSOLUTE, COMPRESSED[0x0000a2b8])

    Execution Region ER_IROM1 (Exec base: 0x08000000, Load base: 0x08000000, Size: 0x0000a05c, Max: 0x00040000, ABSOLUTE)

    Exec Addr    Load Addr    Size         Type   Attr      Idx    E Section Name        Object

    0x08000000   0x08000000   0x00000198   Data   RO         1469    RESET               startup_stm32f411xe.o
    0x08000198   0x08000198   0x00000008   Code   RO         1509  * !!!main             c_w.l(__main.o)
    0x080001a0   0x080001a0   0x00000034   Code   RO         2104    !!!scatter          c_w.l(__scatter.o)
    0x080001d4   0x080001d4   0x0000005a   Code   RO         2102    !!dczerorl2         c_w.l(__dczerorl2.o)
    0x0800022e   0x0800022e   0x00000002   PAD
    0x08000230   0x08000230   0x0000001c   Code   RO         2106    !!handler_zi        c_w.l(__scatter_zi.o)
    0x0800024c   0x0800024c   0x00000000   Code   RO         1740    .ARM.Collect$$_printf_percent$$00000000  c_w.l(_printf_percent.o)
    0x0800024c   0x0800024c   0x00000006   Code   RO         1729    .ARM.Collect$$_printf_percent$$00000001  c_w.l(_printf_n.o)
    0x08000252   0x08000252   0x00000006   Code   RO         1731    .ARM.Collect$$_printf_percent$$00000002  c_w.l(_printf_p.o)
    0x08000258   0x08000258   0x00000006   Code   RO         1736    .ARM.Collect$$_printf_percent$$00000003  c_w.l(_printf_f.o)
    0x0800025e   0x0800025e   0x00000006   Code   RO         1737    .ARM.Collect$$_printf_percent$$00000004  c_w.l(_printf_e.o)
    0x08000264   0x08000264   0x00000006   Code   RO         1738    .ARM.Collect$$_printf_percent$$00000005  c_w.l(_printf_g.o)
    0x0800026a   0x0800026a   0x00000006   Code   RO         1739    .ARM.Collect$$_printf_percent$$00000006  c_w.l(_printf_a.o)
    0x08000270   0x08000270   0x0000000a   Code   RO         1744    .ARM.Collect$$_printf_percent$$00000007  c_w.l(_printf_ll.o)
    0x0800027a   0x0800027a   0x00000006   Code   RO         1733    .ARM.Collect$$_printf_percent$$00000008  c_w.l(_printf_i.o)
    0x08000280   0x08000280   0x00000006   Code   RO         1734    .ARM.Collect$$_printf_percent$$00000009  c_w.l(_printf_d.o)
    0x08000286   0x08000286   0x00000006   Code   RO         1735    .ARM.Collect$$_printf_percent$$0000000A  c_w.l(_printf_u.o)
    0x0800028c   0x0800028c   0x00000006   Code   RO         1732    .ARM.Collect$$_printf_percent$$0000000B  c_w.l(_printf_o.o)
    0x08000292   0x08000292   0x00000006   Code   RO         1730    .ARM.Collect$$_printf_percent$$0000000C  c_w.l(_printf_x.o)
    0x08000298   0x08000298   0x00000006   Code   RO         1741    .ARM.Collect$$_printf_percent$$0000000D  c_w.l(_printf_lli.o)
    0x0800029e   0x0800029e   0x00000006   Code   RO         1742    .ARM.Collect$$_printf_percent$$0000000E  c_w.l(_printf_lld.o)
    0x080002a4   0x080002a4   0x00000006   Code   RO         1743    .ARM.Collect$$_printf_percent$$0000000F  c_w.l(_printf_llu.o)
    0x080002aa   0x080002aa   0x00000006   Code   RO         1748    .ARM.Collect$$_printf_percent$$00000010  c_w.l(_printf_llo.o)
    0x080002b0   0x080002b0   0x00000006   Code   RO         1749    .ARM.Collect$$_printf_percent$$00000011  c_w.l(_printf_llx.o)
    0x080002b6   0x080002b6   0x0000000a   Code   RO         1745    .ARM.Collect$$_printf_percent$$00000012  c_w.l(_printf_l.o)
    0x080002c0   0x080002c0   0x00000006   Code   RO         1727    .ARM.Collect$$_printf_percent$$00000013  c_w.l(_printf_c.o)
    0x080002c6   0x080002c6   0x00000006   Code   RO         1728    .ARM.Collect$$_printf_percent$$00000014  c_w.l(_printf_s.o)
    0x080002cc   0x080002cc   0x00000006   Code   RO         1746    .ARM.Collect$$_printf_percent$$00000015  c_w.l(_printf_lc.o)
    0x080002d2   0x080002d2   0x00000006   Code   RO         1747    .ARM.Collect$$_printf_percent$$00000016  c_w.l(_printf_ls.o)
    0x080002d8   0x080002d8   0x00000004   Code   RO         1910    .ARM.Collect$$_printf_percent$$00000017  c_w.l(_printf_percent_end.o)
    0x080002dc   0x080002dc   0x00000002   Code   RO         2026    .ARM.Collect$$libinit$$00000000  c_w.l(libinit.o)
    0x080002de   0x080002de   0x00000004   Code   RO         1758    .ARM.Collect$$libinit$$00000001  c_w.l(libinit2.o)
    0x080002e2   0x080002e2   0x00000000   Code   RO         1761    .ARM.Collect$$libinit$$00000004  c_w.l(libinit2.o)
    0x080002e2   0x080002e2   0x00000000   Code   RO         1763    .ARM.Collect$$libinit$$00000006  c_w.l(libinit2.o)
    0x080002e2   0x080002e2   0x00000008   Code   RO         1764    .ARM.Collect$$libinit$$00000007  c_w.l(libinit2.o)
    0x080002ea   0x080002ea   0x00000000   Code   RO         1766    .ARM.Collect$$libinit$$0000000C  c_w.l(libinit2.o)
    0x080002ea   0x080002ea   0x00000000   Code   RO         1768    .ARM.Collect$$libinit$$0000000E  c_w.l(libinit2.o)
    0x080002ea   0x080002ea   0x00000000   Code   RO         1770    .ARM.Collect$$libinit$$00000010  c_w.l(libinit2.o)
    0x080002ea   0x080002ea   0x00000006   Code   RO         1771    .ARM.Collect$$libinit$$00000011  c_w.l(libinit2.o)
    0x080002f0   0x080002f0   0x00000000   Code   RO         1773    .ARM.Collect$$libinit$$00000013  c_w.l(libinit2.o)
    0x080002f0   0x080002f0   0x0000000c   Code   RO         1774    .ARM.Collect$$libinit$$00000014  c_w.l(libinit2.o)
    0x080002fc   0x080002fc   0x00000000   Code   RO         1775    .ARM.Collect$$libinit$$00000015  c_w.l(libinit2.o)
    0x080002fc   0x080002fc   0x00000000   Code   RO         1777    .ARM.Collect$$libinit$$00000017  c_w.l(libinit2.o)
    0x080002fc   0x080002fc   0x0000000a   Code   RO         1778    .ARM.Collect$$libinit$$00000018  c_w.l(libinit2.o)
    0x08000306   0x08000306   0x00000000   Code   RO         1779    .ARM.Collect$$libinit$$00000019  c_w.l(libinit2.o)
    0x08000306   0x08000306   0x00000000   Code   RO         1781    .ARM.Collect$$libinit$$0000001B  c_w.l(libinit2.o)
    0x08000306   0x08000306   0x00000000   Code   RO         1783    .ARM.Collect$$libinit$$0000001D  c_w.l(libinit2.o)
    0x08000306   0x08000306   0x00000000   Code   RO         1785    .ARM.Collect$$libinit$$0000001F  c_w.l(libinit2.o)
    0x08000306   0x08000306   0x00000000   Code   RO         1787    .ARM.Collect$$libinit$$00000021  c_w.l(libinit2.o)
    0x08000306   0x08000306   0x00000000   Code   RO         1789    .ARM.Collect$$libinit$$00000023  c_w.l(libinit2.o)
    0x08000306   0x08000306   0x00000000   Code   RO         1791    .ARM.Collect$$libinit$$00000025  c_w.l(libinit2.o)
    0x08000306   0x08000306   0x00000000   Code   RO         1793    .ARM.Collect$$libinit$$00000027  c_w.l(libinit2.o)
    0x08000306   0x08000306   0x00000000   Code   RO         1797    .ARM.Collect$$libinit$$0000002E  c_w.l(libinit2.o)
    0x08000306   0x08000306   0x00000000   Code   RO         1799    .ARM.Collect$$libinit$$00000030  c_w.l(libinit2.o)
    0x08000306   0x08000306   0x00000000   Code   RO         1801    .ARM.Collect$$libinit$$00000032  c_w.l(libinit2.o)
    0x08000306   0x08000306   0x00000004   Code   RO         1802    .ARM.Collect$$libinit$$00000033  c_w.l(libinit2.o)
    0x0800030a   0x0800030a   0x00000000   Code   RO         1803    .ARM.Collect$$libinit$$00000034  c_w.l(libinit2.o)
    0x0800030a   0x0800030a   0x00000002   Code   RO         1804    .ARM.Collect$$libinit$$00000035  c_w.l(libinit2.o)
    0x0800030c   0x0800030c   0x00000002   Code   RO         2099    .ARM.Collect$$libshutdown$$00000000  c_w.l(libshutdown.o)
    0x0800030e   0x0800030e   0x00000006   Code   RO         2027    .ARM.Collect$$libshutdown$$00000001  c_w.l(libshutdown2.o)
    0x08000314   0x08000314   0x00000000   Code   RO         2028    .ARM.Collect$$libshutdown$$00000002  c_w.l(libshutdown2.o)
    0x08000314   0x08000314   0x00000000   Code   RO         2030    .ARM.Collect$$libshutdown$$00000004  c_w.l(libshutdown2.o)
    0x08000314   0x08000314   0x00000000   Code   RO         2033    .ARM.Collect$$libshutdown$$00000007  c_w.l(libshutdown2.o)
    0x08000314   0x08000314   0x00000000   Code   RO         2036    .ARM.Collect$$libshutdown$$0000000A  c_w.l(libshutdown2.o)
    0x08000314   0x08000314   0x00000000   Code   RO         2038    .ARM.Collect$$libshutdown$$0000000C  c_w.l(libshutdown2.o)
    0x08000314   0x08000314   0x00000000   Code   RO         2041    .ARM.Collect$$libshutdown$$0000000F  c_w.l(libshutdown2.o)
    0x08000314   0x08000314   0x00000002   Code   RO         2042    .ARM.Collect$$libshutdown$$00000010  c_w.l(libshutdown2.o)
    0x08000316   0x08000316   0x00000000   Code   RO         1588    .ARM.Collect$$rtentry$$00000000  c_w.l(__rtentry.o)
    0x08000316   0x08000316   0x00000000   Code   RO         1849    .ARM.Collect$$rtentry$$00000002  c_w.l(__rtentry2.o)
    0x08000316   0x08000316   0x00000006   Code   RO         1861    .ARM.Collect$$rtentry$$00000004  c_w.l(__rtentry4.o)
    0x0800031c   0x0800031c   0x00000000   Code   RO         1851    .ARM.Collect$$rtentry$$00000009  c_w.l(__rtentry2.o)
    0x0800031c   0x0800031c   0x00000004   Code   RO         1852    .ARM.Collect$$rtentry$$0000000A  c_w.l(__rtentry2.o)
    0x08000320   0x08000320   0x00000000   Code   RO         1854    .ARM.Collect$$rtentry$$0000000C  c_w.l(__rtentry2.o)
    0x08000320   0x08000320   0x00000008   Code   RO         1855    .ARM.Collect$$rtentry$$0000000D  c_w.l(__rtentry2.o)
    0x08000328   0x08000328   0x00000002   Code   RO         2047    .ARM.Collect$$rtexit$$00000000  c_w.l(rtexit.o)
    0x0800032a   0x0800032a   0x00000000   Code   RO         2071    .ARM.Collect$$rtexit$$00000002  c_w.l(rtexit2.o)
    0x0800032a   0x0800032a   0x00000004   Code   RO         2072    .ARM.Collect$$rtexit$$00000003  c_w.l(rtexit2.o)
    0x0800032e   0x0800032e   0x00000006   Code   RO         2073    .ARM.Collect$$rtexit$$00000004  c_w.l(rtexit2.o)
    0x08000334   0x08000334   0x00000040   Code   RO         1470    .text               startup_stm32f411xe.o
    0x08000374   0x08000374   0x00000028   Code   RO         1491    .text               c_w.l(calloc.o)
    0x0800039c   0x0800039c   0x0000002c   Code   RO         1495    .text               c_w.l(sprintf.o)
    0x080003c8   0x080003c8   0x0000000a   Code   RO         1500    .text               c_w.l(cxa_atexit.o)
    0x080003d2   0x080003d2   0x00000044   Code   RO         1503    .text               c_w.l(rt_memclr.o)
    0x08000416   0x08000416   0x0000004e   Code   RO         1505    .text               c_w.l(rt_memclr_w.o)
    0x08000464   0x08000464   0x00000006   Code   RO         1507    .text               c_w.l(heapauxi.o)
    0x0800046a   0x0800046a   0x00000002   PAD
    0x0800046c   0x0800046c   0x00000024   Code   RO         1514    .text               c_w.l(init_aeabi.o)
    0x08000490   0x08000490   0x0000005e   Code   RO         1597    .text               c_w.l(h1_alloc.o)
    0x080004ee   0x080004ee   0x0000004e   Code   RO         1599    .text               c_w.l(h1_free.o)
    0x0800053c   0x0800053c   0x0000004e   Code   RO         1661    .text               c_w.l(_printf_pad.o)
    0x0800058a   0x0800058a   0x00000024   Code   RO         1663    .text               c_w.l(_printf_truncate.o)
    0x080005ae   0x080005ae   0x00000052   Code   RO         1665    .text               c_w.l(_printf_str.o)
    0x08000600   0x08000600   0x00000078   Code   RO         1667    .text               c_w.l(_printf_dec.o)
    0x08000678   0x08000678   0x00000028   Code   RO         1669    .text               c_w.l(_printf_charcount.o)
    0x080006a0   0x080006a0   0x00000030   Code   RO         1671    .text               c_w.l(_printf_char_common.o)
    0x080006d0   0x080006d0   0x0000000a   Code   RO         1673    .text               c_w.l(_sputc.o)
    0x080006da   0x080006da   0x00000002   PAD
    0x080006dc   0x080006dc   0x000000bc   Code   RO         1675    .text               c_w.l(_printf_wctomb.o)
    0x08000798   0x08000798   0x0000007c   Code   RO         1678    .text               c_w.l(_printf_longlong_dec.o)
    0x08000814   0x08000814   0x00000070   Code   RO         1684    .text               c_w.l(_printf_oct_int_ll.o)
    0x08000884   0x08000884   0x00000094   Code   RO         1704    .text               c_w.l(_printf_hex_int_ll_ptr.o)
    0x08000918   0x08000918   0x00000188   Code   RO         1724    .text               c_w.l(__printf_flags_ss_wp.o)
    0x08000aa0   0x08000aa0   0x00000016   Code   RO         1750    .text               c_w.l(abort.o)
    0x08000ab6   0x08000ab6   0x0000002e   Code   RO         1755    .text               c_w.l(aeabi_atexit.o)
    0x08000ae4   0x08000ae4   0x0000000c   Code   RO         1842    .text               c_w.l(sys_exit.o)
    0x08000af0   0x08000af0   0x00000008   Code   RO         1868    .text               c_w.l(rt_heap_descriptor_intlibspace.o)
    0x08000af8   0x08000af8   0x00000008   Code   RO         1873    .text               c_w.l(rt_ddtor_pointer_addr_intlibspace.o)
    0x08000b00   0x08000b00   0x00000004   Code   RO         1875    .text               c_w.l(hguard.o)
    0x08000b04   0x08000b04   0x0000008a   Code   RO         1877    .text               c_w.l(init_alloc.o)
    0x08000b8e   0x08000b8e   0x0000000e   Code   RO         1881    .text               c_w.l(h1_init.o)
    0x08000b9c   0x08000b9c   0x0000008a   Code   RO         1893    .text               c_w.l(lludiv10.o)
    0x08000c26   0x08000c26   0x000000b2   Code   RO         1895    .text               c_w.l(_printf_intcommon.o)
    0x08000cd8   0x08000cd8   0x0000041c   Code   RO         1897    .text               c_w.l(_printf_fp_dec.o)
    0x080010f4   0x080010f4   0x000002fc   Code   RO         1901    .text               c_w.l(_printf_fp_hex.o)
    0x080013f0   0x080013f0   0x0000002c   Code   RO         1906    .text               c_w.l(_printf_char.o)
    0x0800141c   0x0800141c   0x0000002c   Code   RO         1908    .text               c_w.l(_printf_wchar.o)
    0x08001448   0x08001448   0x00000048   Code   RO         1911    .text               c_w.l(_c16rtomb.o)
    0x08001490   0x08001490   0x00000042   Code   RO         1913    .text               c_w.l(cxa_finalize.o)
    0x080014d2   0x080014d2   0x0000000e   Code   RO         1916    .text               c_w.l(defsig_abrt_outer.o)
    0x080014e0   0x080014e0   0x00000008   Code   RO         1943    .text               c_w.l(libspace.o)
    0x080014e8   0x080014e8   0x00000002   Code   RO         1946    .text               c_w.l(use_no_semi.o)
    0x080014ea   0x080014ea   0x00000000   Code   RO         1948    .text               c_w.l(indicate_semi.o)
    0x080014ea   0x080014ea   0x0000004a   Code   RO         1949    .text               c_w.l(sys_stackheap_outer.o)
    0x08001534   0x08001534   0x00000010   Code   RO         1951    .text               c_w.l(rt_ctype_table.o)
    0x08001544   0x08001544   0x00000008   Code   RO         1958    .text               c_w.l(rt_locale_intlibspace.o)
    0x0800154c   0x0800154c   0x00000000   Code   RO         1962    .text               c_w.l(maybetermalloc1.o)
    0x0800154c   0x0800154c   0x00000034   Code   RO         1964    .text               c_w.l(h1_extend.o)
    0x08001580   0x08001580   0x00000080   Code   RO         1968    .text               c_w.l(_printf_fp_infnan.o)
    0x08001600   0x08001600   0x000000e4   Code   RO         1970    .text               c_w.l(bigflt0.o)
    0x080016e4   0x080016e4   0x00000012   Code   RO         2000    .text               c_w.l(exit.o)
    0x080016f6   0x080016f6   0x0000000a   Code   RO         2002    .text               c_w.l(defsig_exit.o)
    0x08001700   0x08001700   0x00000030   Code   RO         2004    .text               c_w.l(defsig_abrt_inner.o)
    0x08001730   0x08001730   0x0000000e   Code   RO         2010    .text               c_w.l(defsig_rtmem_outer.o)
    0x0800173e   0x0800173e   0x00000032   Code   RO         2058    .text               c_w.l(defsig_general.o)
    0x08001770   0x08001770   0x00000050   Code   RO         2062    .text               c_w.l(defsig_rtmem_inner.o)
    0x080017c0   0x080017c0   0x0000007c   Code   RO         2064    .text               c_w.l(strcmpv7em.o)
    0x0800183c   0x0800183c   0x0000000e   Code   RO         2066    .text               c_w.l(sys_wrch.o)
    0x0800184a   0x0800184a   0x00000002   PAD
    0x0800184c   0x0800184c   0x0000002e   Code   RO          722    .text.HAL_Init      stm32f4xx_hal.o
    0x0800187a   0x0800187a   0x00000002   PAD
    0x0800187c   0x0800187c   0x00000070   Code   RO          724    .text.HAL_InitTick  stm32f4xx_hal.o
    0x080018ec   0x080018ec   0x00000002   Code   RO          726    .text.HAL_MspInit   stm32f4xx_hal.o
    0x080018ee   0x080018ee   0x00000002   PAD
    0x080018f0   0x080018f0   0x00000032   Code   RO          790    .text.HAL_NVIC_SetPriority  stm32f4xx_hal_cortex.o
    0x08001922   0x08001922   0x00000002   PAD
    0x08001924   0x08001924   0x00000010   Code   RO          786    .text.HAL_NVIC_SetPriorityGrouping  stm32f4xx_hal_cortex.o
    0x08001934   0x08001934   0x00000010   Code   RO          810    .text.HAL_SYSTICK_Config  stm32f4xx_hal_cortex.o
    0x08001944   0x08001944   0x00000108   Code   RO         1188    .text.LL_GPIO_Init  stm32f4xx_ll_gpio.o
    0x08001a4c   0x08001a4c   0x0000007c   Code   RO         1196    .text.LL_GPIO_SetAFPin_0_7  stm32f4xx_ll_gpio.o
    0x08001ac8   0x08001ac8   0x00000080   Code   RO         1198    .text.LL_GPIO_SetAFPin_8_15  stm32f4xx_ll_gpio.o
    0x08001b48   0x08001b48   0x0000007c   Code   RO         1200    .text.LL_GPIO_SetPinMode  stm32f4xx_ll_gpio.o
    0x08001bc4   0x08001bc4   0x0000001e   Code   RO         1192    .text.LL_GPIO_SetPinOutputType  stm32f4xx_ll_gpio.o
    0x08001be2   0x08001be2   0x00000002   PAD
    0x08001be4   0x08001be4   0x0000007c   Code   RO         1194    .text.LL_GPIO_SetPinPull  stm32f4xx_ll_gpio.o
    0x08001c60   0x08001c60   0x0000007c   Code   RO         1190    .text.LL_GPIO_SetPinSpeed  stm32f4xx_ll_gpio.o
    0x08001cdc   0x08001cdc   0x00000014   Code   RO         1405    .text.LL_Init1msTick  stm32f4xx_ll_utils.o
    0x08001cf0   0x08001cf0   0x00000036   Code   RO         1407    .text.LL_InitTick   stm32f4xx_ll_utils.o
    0x08001d26   0x08001d26   0x00000002   PAD
    0x08001d28   0x08001d28   0x00000010   Code   RO         1262    .text.LL_RCC_GetAHBPrescaler  stm32f4xx_ll_rcc.o
    0x08001d38   0x08001d38   0x00000010   Code   RO         1264    .text.LL_RCC_GetAPB1Prescaler  stm32f4xx_ll_rcc.o
    0x08001d48   0x08001d48   0x00000010   Code   RO         1266    .text.LL_RCC_GetAPB2Prescaler  stm32f4xx_ll_rcc.o
    0x08001d58   0x08001d58   0x00000010   Code   RO         1258    .text.LL_RCC_GetSysClkSource  stm32f4xx_ll_rcc.o
    0x08001d68   0x08001d68   0x00000036   Code   RO         1234    .text.LL_RCC_GetSystemClocksFreq  stm32f4xx_ll_rcc.o
    0x08001d9e   0x08001d9e   0x00000002   PAD
    0x08001da0   0x08001da0   0x00000010   Code   RO         1270    .text.LL_RCC_PLL_GetDivider  stm32f4xx_ll_rcc.o
    0x08001db0   0x08001db0   0x00000010   Code   RO         1268    .text.LL_RCC_PLL_GetMainSource  stm32f4xx_ll_rcc.o
    0x08001dc0   0x08001dc0   0x00000010   Code   RO         1272    .text.LL_RCC_PLL_GetN  stm32f4xx_ll_rcc.o
    0x08001dd0   0x08001dd0   0x00000010   Code   RO         1274    .text.LL_RCC_PLL_GetP  stm32f4xx_ll_rcc.o
    0x08001de0   0x08001de0   0x0000009a   Code   RO         1303    .text.LL_SPI_Init   stm32f4xx_ll_spi.o
    0x08001e7a   0x08001e7a   0x00000002   PAD
    0x08001e7c   0x08001e7c   0x00000010   Code   RO         1305    .text.LL_SPI_IsEnabled  stm32f4xx_ll_spi.o
    0x08001e8c   0x08001e8c   0x00000012   Code   RO         1307    .text.LL_SPI_SetCRCPolynomial  stm32f4xx_ll_spi.o
    0x08001e9e   0x08001e9e   0x00000002   PAD
    0x08001ea0   0x08001ea0   0x00000014   Code   RO         1411    .text.LL_SetSystemCoreClock  stm32f4xx_ll_utils.o
    0x08001eb4   0x08001eb4   0x00000012   Code   RO         1350    .text.LL_TIM_GenerateEvent_UPDATE  stm32f4xx_ll_tim.o
    0x08001ec6   0x08001ec6   0x00000002   PAD
    0x08001ec8   0x08001ec8   0x0000012e   Code   RO         1342    .text.LL_TIM_Init   stm32f4xx_ll_tim.o
    0x08001ff6   0x08001ff6   0x00000002   PAD
    0x08001ff8   0x08001ff8   0x00000010   Code   RO         1344    .text.LL_TIM_SetAutoReload  stm32f4xx_ll_tim.o
    0x08002008   0x08002008   0x00000010   Code   RO         1346    .text.LL_TIM_SetPrescaler  stm32f4xx_ll_tim.o
    0x08002018   0x08002018   0x00000010   Code   RO         1348    .text.LL_TIM_SetRepetitionCounter  stm32f4xx_ll_tim.o
    0x08002028   0x08002028   0x0000004a   Code   RO         1409    .text.LL_mDelay     stm32f4xx_ll_utils.o
    0x08002072   0x08002072   0x00000002   PAD
    0x08002074   0x08002074   0x0000006c   Code   RO          796    .text.NVIC_EncodePriority  stm32f4xx_hal_cortex.o
    0x080020e0   0x080020e0   0x00000026   Code   RO         1238    .text.RCC_GetHCLKClockFreq  stm32f4xx_ll_rcc.o
    0x08002106   0x08002106   0x00000002   PAD
    0x08002108   0x08002108   0x00000024   Code   RO         1240    .text.RCC_GetPCLK1ClockFreq  stm32f4xx_ll_rcc.o
    0x0800212c   0x0800212c   0x00000024   Code   RO         1242    .text.RCC_GetPCLK2ClockFreq  stm32f4xx_ll_rcc.o
    0x08002150   0x08002150   0x00000058   Code   RO         1236    .text.RCC_GetSystemClockFreq  stm32f4xx_ll_rcc.o
    0x080021a8   0x080021a8   0x0000008e   Code   RO         1260    .text.RCC_PLL_GetFreqDomain_SYS  stm32f4xx_ll_rcc.o
    0x08002236   0x08002236   0x00000002   PAD
    0x08002238   0x08002238   0x00000052   Code   RO          812    .text.SysTick_Config  stm32f4xx_hal_cortex.o
    0x0800228a   0x0800228a   0x00000002   PAD
    0x0800228c   0x0800228c   0x0000012e   Code   RO         1478    .text.SystemCoreClockUpdate  system_stm32f4xx.o
    0x080023ba   0x080023ba   0x00000002   PAD
    0x080023bc   0x080023bc   0x00000012   Code   RO         1476    .text.SystemInit    system_stm32f4xx.o
    0x080023ce   0x080023ce   0x00000002   PAD
    0x080023d0   0x080023d0   0x00000052   Code   RO           47    .text.TIM2_IRQHandler  blink.o
    0x08002422   0x08002422   0x00000002   PAD
    0x08002424   0x08002424   0x000000c8   Code   RO          354    .text._GLOBAL__sub_I_UIcode.cpp  uicode.o
    0x080024ec   0x080024ec   0x00000012   Code   RO          232    .text._Z12thread_sleepj  uicode.o
    0x080024fe   0x080024fe   0x00000002   PAD
    0x08002500   0x08002500   0x00000052   Code   RO            4    .text._Z13gfx_fill_rectiiiij  main.o
    0x08002552   0x08002552   0x00000002   PAD
    0x08002554   0x08002554   0x00000056   Code   RO          342    .text._Z13load_resourcev  uicode.o
    0x080025aa   0x080025aa   0x00000002   PAD
    0x080025ac   0x080025ac   0x00000038   Code   RO            2    .text._Z14gfx_draw_pixeliij  main.o
    0x080025e4   0x080025e4   0x0000002a   Code   RO          346    .text._Z14startHelloWavePviiiP15EXTERNAL_GFX_OP  uicode.o
    0x0800260e   0x0800260e   0x00000002   PAD
    0x08002610   0x08002610   0x0000002c   Code   RO          214    .text._Z7_assertPKci  uicode.o
    0x0800263c   0x0800263c   0x00000342   Code   RO          344    .text._Z9create_uiPviiiP15EXTERNAL_GFX_OP  uicode.o
    0x0800297e   0x0800297e   0x00000002   PAD
    0x08002980   0x08002980   0x00000012   Code   RO           70    .text._ZL13LL_SPI_EnableP11SPI_TypeDef  flash.o
    0x08002992   0x08002992   0x00000002   PAD
    0x08002994   0x08002994   0x00000012   Code   RO          134    .text._ZL13LL_SPI_EnableP11SPI_TypeDef  lcd_devebox.o
    0x080029a6   0x080029a6   0x00000002   PAD
    0x080029a8   0x080029a8   0x00000030   Code   RO           31    .text._ZL16__NVIC_EnableIRQ9IRQn_Type  blink.o
    0x080029d8   0x080029d8   0x00000022   Code   RO           45    .text._ZL17LL_GPIO_TogglePinP12GPIO_TypeDefj  blink.o
    0x080029fa   0x080029fa   0x00000002   PAD
    0x080029fc   0x080029fc   0x00000042   Code   RO           25    .text._ZL18__NVIC_SetPriority9IRQn_Typej  blink.o
    0x08002a3e   0x08002a3e   0x00000002   PAD
    0x08002a40   0x08002a40   0x0000000c   Code   RO           84    .text._ZL19LL_SPI_ReceiveData8P11SPI_TypeDef  flash.o
    0x08002a4c   0x08002a4c   0x0000000c   Code   RO          178    .text._ZL19LL_SPI_ReceiveData8P11SPI_TypeDef  lcd_devebox.o
    0x08002a58   0x08002a58   0x0000006c   Code   RO           27    .text._ZL19NVIC_EncodePriorityjjj  blink.o
    0x08002ac4   0x08002ac4   0x00000010   Code   RO          108    .text._ZL20LL_GPIO_SetOutputPinP12GPIO_TypeDefj  flash.o
    0x08002ad4   0x08002ad4   0x00000010   Code   RO          180    .text._ZL20LL_GPIO_SetOutputPinP12GPIO_TypeDefj  lcd_devebox.o
    0x08002ae4   0x08002ae4   0x00000012   Code   RO           19    .text._ZL20LL_RCC_HSE_EnableCSSv  blink.o
    0x08002af6   0x08002af6   0x00000002   PAD
    0x08002af8   0x08002af8   0x0000001a   Code   RO           80    .text._ZL20LL_SPI_TransmitData8P11SPI_TypeDefh  flash.o
    0x08002b12   0x08002b12   0x00000002   PAD
    0x08002b14   0x08002b14   0x0000001a   Code   RO          174    .text._ZL20LL_SPI_TransmitData8P11SPI_TypeDefh  lcd_devebox.o
    0x08002b2e   0x08002b2e   0x00000002   PAD
    0x08002b30   0x08002b30   0x00000012   Code   RO           41    .text._ZL20LL_TIM_EnableCounterP11TIM_TypeDef  blink.o
    0x08002b42   0x08002b42   0x00000002   PAD
    0x08002b44   0x08002b44   0x00000012   Code   RO          106    .text._ZL22LL_GPIO_ResetOutputPinP12GPIO_TypeDefj  flash.o
    0x08002b56   0x08002b56   0x00000002   PAD
    0x08002b58   0x08002b58   0x00000012   Code   RO          182    .text._ZL22LL_GPIO_ResetOutputPinP12GPIO_TypeDefj  lcd_devebox.o
    0x08002b6a   0x08002b6a   0x00000002   PAD
    0x08002b6c   0x08002b6c   0x00000012   Code   RO           37    .text._ZL22LL_TIM_EnableIT_UPDATEP11TIM_TypeDef  blink.o
    0x08002b7e   0x08002b7e   0x00000002   PAD
    0x08002b80   0x08002b80   0x00000010   Code   RO           78    .text._ZL23LL_SPI_IsActiveFlag_TXEP11SPI_TypeDef  flash.o
    0x08002b90   0x08002b90   0x00000010   Code   RO          172    .text._ZL23LL_SPI_IsActiveFlag_TXEP11SPI_TypeDef  lcd_devebox.o
    0x08002ba0   0x08002ba0   0x00000010   Code   RO           51    .text._ZL23LL_TIM_ClearFlag_UPDATEP11TIM_TypeDef  blink.o
    0x08002bb0   0x08002bb0   0x00000010   Code   RO           39    .text._ZL23LL_TIM_IsEnabledCounterP11TIM_TypeDef  blink.o
    0x08002bc0   0x08002bc0   0x00000022   Code   RO           21    .text._ZL24LL_AHB1_GRP1_EnableClockj  blink.o
    0x08002be2   0x08002be2   0x00000002   PAD
    0x08002be4   0x08002be4   0x00000022   Code   RO           66    .text._ZL24LL_AHB1_GRP1_EnableClockj  flash.o
    0x08002c06   0x08002c06   0x00000002   PAD
    0x08002c08   0x08002c08   0x00000022   Code   RO          130    .text._ZL24LL_AHB1_GRP1_EnableClockj  lcd_devebox.o
    0x08002c2a   0x08002c2a   0x00000002   PAD
    0x08002c2c   0x08002c2c   0x00000022   Code   RO           23    .text._ZL24LL_APB1_GRP1_EnableClockj  blink.o
    0x08002c4e   0x08002c4e   0x00000002   PAD
    0x08002c50   0x08002c50   0x00000022   Code   RO          132    .text._ZL24LL_APB1_GRP1_EnableClockj  lcd_devebox.o
    0x08002c72   0x08002c72   0x00000002   PAD
    0x08002c74   0x08002c74   0x00000022   Code   RO           68    .text._ZL24LL_APB2_GRP1_EnableClockj  flash.o
    0x08002c96   0x08002c96   0x00000002   PAD
    0x08002c98   0x08002c98   0x00000010   Code   RO           82    .text._ZL24LL_SPI_IsActiveFlag_RXNEP11SPI_TypeDef  flash.o
    0x08002ca8   0x08002ca8   0x00000010   Code   RO          176    .text._ZL24LL_SPI_IsActiveFlag_RXNEP11SPI_TypeDef  lcd_devebox.o
    0x08002cb8   0x08002cb8   0x00000010   Code   RO           35    .text._ZL25LL_TIM_IsEnabledIT_UPDATEP11TIM_TypeDef  blink.o
    0x08002cc8   0x08002cc8   0x00000010   Code   RO           49    .text._ZL26LL_TIM_IsActiveFlag_UPDATEP11TIM_TypeDef  blink.o
    0x08002cd8   0x08002cd8   0x00000010   Code   RO           29    .text._ZL26__NVIC_GetPriorityGroupingv  blink.o
    0x08002ce8   0x08002ce8   0x0000001a   Code   RO          207    .text._ZN10LcdDevEBox10cs_invalidEv  lcd_devebox.o
    0x08002d02   0x08002d02   0x00000002   PAD
    0x08002d04   0x08002d04   0x000000ac   Code   RO          154    .text._ZN10LcdDevEBox10setScanDirEh  lcd_devebox.o
    0x08002db0   0x08002db0   0x00000036   Code   RO          144    .text._ZN10LcdDevEBox11writeData16Et  lcd_devebox.o
    0x08002de6   0x08002de6   0x00000002   PAD
    0x08002de8   0x08002de8   0x00000052   Code   RO          170    .text._ZN10LcdDevEBox12transmitDataEh  lcd_devebox.o
    0x08002e3a   0x08002e3a   0x00000002   PAD
    0x08002e3c   0x08002e3c   0x000000ae   Code   RO          168    .text._ZN10LcdDevEBox13drawRectangleEttttt  lcd_devebox.o
    0x08002eea   0x08002eea   0x00000002   PAD
    0x08002eec   0x08002eec   0x0000011c   Code   RO          150    .text._ZN10LcdDevEBox13lcdDisplayDirEh  lcd_devebox.o
    0x08003008   0x08003008   0x0000004e   Code   RO          140    .text._ZN10LcdDevEBox14fast_drawPointEttt  lcd_devebox.o
    0x08003056   0x08003056   0x00000002   PAD
    0x08003058   0x08003058   0x00000064   Code   RO          152    .text._ZN10LcdDevEBox5clearEt  lcd_devebox.o
    0x080030bc   0x080030bc   0x000001b8   Code   RO          136    .text._ZN10LcdDevEBox7lcdInitEv  lcd_devebox.o
    0x08003274   0x08003274   0x0000001a   Code   RO          201    .text._ZN10LcdDevEBox8blk_openEv  lcd_devebox.o
    0x0800328e   0x0800328e   0x00000002   PAD
    0x08003290   0x08003290   0x0000001a   Code   RO          203    .text._ZN10LcdDevEBox8cs_validEv  lcd_devebox.o
    0x080032aa   0x080032aa   0x00000002   PAD
    0x080032ac   0x080032ac   0x0000013e   Code   RO          166    .text._ZN10LcdDevEBox8drawLineEttttt  lcd_devebox.o
    0x080033ea   0x080033ea   0x00000002   PAD
    0x080033ec   0x080033ec   0x0000004a   Code   RO          138    .text._ZN10LcdDevEBox8instanceEv  lcd_devebox.o
    0x08003436   0x08003436   0x00000002   PAD
    0x08003438   0x08003438   0x00000018   Code   RO          209    .text._ZN10LcdDevEBox9code_modeEv  lcd_devebox.o
    0x08003450   0x08003450   0x00000018   Code   RO          205    .text._ZN10LcdDevEBox9data_modeEv  lcd_devebox.o
    0x08003468   0x08003468   0x00000038   Code   RO          158    .text._ZN10LcdDevEBox9setCursorEtt  lcd_devebox.o
    0x080034a0   0x080034a0   0x0000007a   Code   RO          162    .text._ZN10LcdDevEBox9setWindowEtttt  lcd_devebox.o
    0x0800351a   0x0800351a   0x00000002   PAD
    0x0800351c   0x0800351c   0x00000018   Code   RO          199    .text._ZN10LcdDevEBox9softResetEv  lcd_devebox.o
    0x08003534   0x08003534   0x0000002c   Code   RO          142    .text._ZN10LcdDevEBox9writeCodeEh  lcd_devebox.o
    0x08003560   0x08003560   0x00000056   Code   RO          146    .text._ZN10LcdDevEBox9writeDataEPKct  lcd_devebox.o
    0x080035b6   0x080035b6   0x00000002   PAD
    0x080035b8   0x080035b8   0x0000002c   Code   RO          148    .text._ZN10LcdDevEBox9writeDataEh  lcd_devebox.o
    0x080035e4   0x080035e4   0x00000012   Code   RO          156    .text._ZN10LcdDevEBox9writeGRAMEv  lcd_devebox.o
    0x080035f6   0x080035f6   0x00000002   PAD
    0x080035f8   0x080035f8   0x000000cc   Code   RO          128    .text._ZN10LcdDevEBoxC2Ev  lcd_devebox.o
    0x080036c4   0x080036c4   0x0000000e   Code   RO          598    .text._ZN10c_keyboard14get_cap_statusEv  uicode.o
    0x080036d2   0x080036d2   0x00000002   PAD
    0x080036d4   0x080036d4   0x00000060   Code   RO          542    .text._ZN10c_keyboard14on_del_clickedEii  uicode.o
    0x08003734   0x08003734   0x00000058   Code   RO          540    .text._ZN10c_keyboard14on_esc_clickedEii  uicode.o
    0x0800378c   0x0800378c   0x00000070   Code   RO          532    .text._ZN10c_keyboard14on_key_clickedEii  uicode.o
    0x080037fc   0x080037fc   0x00000028   Code   RO          512    .text._ZN10c_keyboard14pre_create_wndEv  uicode.o
    0x08003824   0x08003824   0x00000024   Code   RO          536    .text._ZN10c_keyboard15on_caps_clickedEii  uicode.o
    0x08003848   0x08003848   0x000000be   Code   RO          544    .text._ZN10c_keyboard15on_char_clickedEii  uicode.o
    0x08003906   0x08003906   0x00000002   PAD
    0x08003908   0x08003908   0x00000058   Code   RO          538    .text._ZN10c_keyboard16on_enter_clickedEii  uicode.o
    0x08003960   0x08003960   0x00000042   Code   RO          506    .text._ZN10c_keyboard16on_init_childrenEv  uicode.o
    0x080039a2   0x080039a2   0x00000002   PAD
    0x080039a4   0x080039a4   0x0000011a   Code   RO          518    .text._ZN10c_keyboard7connectEP5c_wndt14KEYBOARD_STYLE  uicode.o
    0x08003abe   0x08003abe   0x00000002   PAD
    0x08003ac0   0x08003ac0   0x0000005c   Code   RO          508    .text._ZN10c_keyboard8on_paintEv  uicode.o
    0x08003b1c   0x08003b1c   0x00000020   Code   RO          440    .text._ZN10c_keyboardC2Ev  uicode.o
    0x08003b3c   0x08003b3c   0x00000018   Code   RO          504    .text._ZN10c_keyboardD0Ev  uicode.o
    0x08003b54   0x08003b54   0x00000014   Code   RO          442    .text._ZN10c_keyboardD2Ev  uicode.o
    0x08003b68   0x08003b68   0x00000022   Code   RO          622    .text._ZN11c_wave_ctrl11set_max_minEss  uicode.o
    0x08003b8a   0x08003b8a   0x00000002   PAD
    0x08003b8c   0x08003b8c   0x0000024c   Code   RO          480    .text._ZN11c_wave_ctrl12refresh_waveEh  uicode.o
    0x08003dd8   0x08003dd8   0x00000010   Code   RO          616    .text._ZN11c_wave_ctrl14set_wave_colorEj  uicode.o
    0x08003de8   0x08003de8   0x00000020   Code   RO          614    .text._ZN11c_wave_ctrl14set_wave_speedEj  uicode.o
    0x08003e08   0x08003e08   0x0000007a   Code   RO          636    .text._ZN11c_wave_ctrl15save_backgroundEv  uicode.o
    0x08003e82   0x08003e82   0x00000002   PAD
    0x08003e84   0x08003e84   0x00000060   Code   RO          630    .text._ZN11c_wave_ctrl16on_init_childrenEv  uicode.o
    0x08003ee4   0x08003ee4   0x000001a8   Code   RO          674    .text._ZN11c_wave_ctrl17draw_smooth_vlineEiiij  uicode.o
    0x0800408c   0x0800408c   0x000000d6   Code   RO          676    .text._ZN11c_wave_ctrl18restore_backgroundEv  uicode.o
    0x08004162   0x08004162   0x00000002   PAD
    0x08004164   0x08004164   0x0000007c   Code   RO          618    .text._ZN11c_wave_ctrl20set_wave_in_out_rateEjj  uicode.o
    0x080041e0   0x080041e0   0x000000d6   Code   RO          632    .text._ZN11c_wave_ctrl8on_paintEv  uicode.o
    0x080042b6   0x080042b6   0x00000002   PAD
    0x080042b8   0x080042b8   0x00000010   Code   RO          620    .text._ZN11c_wave_ctrl8set_waveEP13c_wave_buffer  uicode.o
    0x080042c8   0x080042c8   0x00000064   Code   RO          452    .text._ZN11c_wave_ctrlC2Ev  uicode.o
    0x0800432c   0x0800432c   0x00000018   Code   RO          628    .text._ZN11c_wave_ctrlD0Ev  uicode.o
    0x08004344   0x08004344   0x00000014   Code   RO          454    .text._ZN11c_wave_ctrlD2Ev  uicode.o
    0x08004358   0x08004358   0x00000062   Code   RO          478    .text._ZN13c_wave_buffer15write_wave_dataEs  uicode.o
    0x080043ba   0x080043ba   0x00000002   PAD
    0x080043bc   0x080043bc   0x00000238   Code   RO          672    .text._ZN13c_wave_buffer23read_wave_data_by_frameERsS0_sjs  uicode.o
    0x080045f4   0x080045f4   0x0000004e   Code   RO          678    .text._ZN13c_wave_buffer9read_dataEv  uicode.o
    0x08004642   0x08004642   0x00000002   PAD
    0x08004644   0x08004644   0x00000072   Code   RO          602    .text._ZN13c_wave_bufferC2Ev  uicode.o
    0x080046b6   0x080046b6   0x00000002   PAD
    0x080046b8   0x080046b8   0x0000014c   Code   RO          688    .text._ZN15c_font_operator14get_string_posEPKvS1_6c_rectjRiS3_  uicode.o
    0x08004804   0x08004804   0x00000186   Code   RO          664    .text._ZN15c_surface_no_fb15fill_rect_on_fbEiiiij  uicode.o
    0x0800498a   0x0800498a   0x00000002   PAD
    0x0800498c   0x0800498c   0x000000a4   Code   RO          666    .text._ZN15c_surface_no_fb16draw_pixel_on_fbEiij  uicode.o
    0x08004a30   0x08004a30   0x00000086   Code   RO          470    .text._ZN15c_surface_no_fbC2EjjjP15EXTERNAL_GFX_OP13Z_ORDER_LEVEL6c_rect  uicode.o
    0x08004ab6   0x08004ab6   0x00000002   PAD
    0x08004ab8   0x08004ab8   0x000004ea   Code   RO          570    .text._ZN17c_keyboard_button8on_paintEv  uicode.o
    0x08004fa2   0x08004fa2   0x00000002   PAD
    0x08004fa4   0x08004fa4   0x00000020   Code   RO          444    .text._ZN17c_keyboard_buttonC2Ev  uicode.o
    0x08004fc4   0x08004fc4   0x00000018   Code   RO          568    .text._ZN17c_keyboard_buttonD0Ev  uicode.o
    0x08004fdc   0x08004fdc   0x00000014   Code   RO          446    .text._ZN17c_keyboard_buttonD2Ev  uicode.o
    0x08004ff0   0x08004ff0   0x00000074   Code   RO          496    .text._ZN17c_lattice_font_op10draw_valueEP9c_surfaceiiiiiPKvjj  uicode.o
    0x08005064   0x08005064   0x00000090   Code   RO          492    .text._ZN17c_lattice_font_op11draw_stringEP9c_surfaceiPKviiS3_jj  uicode.o
    0x080050f4   0x080050f4   0x0000009a   Code   RO          684    .text._ZN17c_lattice_font_op11get_latticeEPK24struct_lattice_font_infoj  uicode.o
    0x0800518e   0x0800518e   0x00000002   PAD
    0x08005190   0x08005190   0x000001f0   Code   RO          686    .text._ZN17c_lattice_font_op12draw_latticeEP9c_surfaceiiiiiPKhjj  uicode.o
    0x08005380   0x08005380   0x000000a0   Code   RO          500    .text._ZN17c_lattice_font_op12get_str_sizeEPKvS1_RiS2_  uicode.o
    0x08005420   0x08005420   0x00000088   Code   RO          680    .text._ZN17c_lattice_font_op13get_utf8_codeEPKcRj  uicode.o
    0x080054a8   0x080054a8   0x00000128   Code   RO          690    .text._ZN17c_lattice_font_op14value_2_stringEiiPci  uicode.o
    0x080055d0   0x080055d0   0x00000170   Code   RO          682    .text._ZN17c_lattice_font_op16draw_single_charEP9c_surfaceijiiPK24struct_lattice_font_infojj  uicode.o
    0x08005740   0x08005740   0x000000ae   Code   RO          498    .text._ZN17c_lattice_font_op18draw_value_in_rectEP9c_surfaceiii6c_rectPKvjjj  uicode.o
    0x080057ee   0x080057ee   0x00000002   PAD
    0x080057f0   0x080057f0   0x000000ce   Code   RO          494    .text._ZN17c_lattice_font_op19draw_string_in_rectEP9c_surfaceiPKv6c_rectS3_jjj  uicode.o
    0x080058be   0x080058be   0x00000002   PAD
    0x080058c0   0x080058c0   0x0000001a   Code   RO           43    .text._ZN5Blink6toggleEv  blink.o
    0x080058da   0x080058da   0x00000002   PAD
    0x080058dc   0x080058dc   0x0000007a   Code   RO           33    .text._ZN5Blink8instanceEv  blink.o
    0x08005956   0x08005956   0x00000002   PAD
    0x08005958   0x08005958   0x000000c8   Code   RO           17    .text._ZN5BlinkC2Ev  blink.o
    0x08005a20   0x08005a20   0x00000016   Code   RO          123    .text._ZN5Flash10cs_invalidEv  flash.o
    0x08005a36   0x08005a36   0x00000002   PAD
    0x08005a38   0x08005a38   0x00000052   Code   RO           76    .text._ZN5Flash12transmitDataEh  flash.o
    0x08005a8a   0x08005a8a   0x00000002   PAD
    0x08005a8c   0x08005a8c   0x00000038   Code   RO           72    .text._ZN5Flash4sendEPKcj  flash.o
    0x08005ac4   0x08005ac4   0x0000003a   Code   RO           74    .text._ZN5Flash7receiveEPhj  flash.o
    0x08005afe   0x08005afe   0x00000002   PAD
    0x08005b00   0x08005b00   0x00000016   Code   RO          121    .text._ZN5Flash8cs_validEv  flash.o
    0x08005b16   0x08005b16   0x00000002   PAD
    0x08005b18   0x08005b18   0x0000004a   Code   RO           86    .text._ZN5Flash8instanceEv  flash.o
    0x08005b62   0x08005b62   0x00000002   PAD
    0x08005b64   0x08005b64   0x000000e8   Code   RO           64    .text._ZN5FlashC2Ev  flash.o
    0x08005c4c   0x08005c4c   0x000001b0   Code   RO          510    .text._ZN5c_wnd11on_navigateE14NAVIGATION_KEY  uicode.o
    0x08005dfc   0x08005dfc   0x00000010   Code   RO          472    .text._ZN5c_wnd11set_surfaceEP9c_surface  uicode.o
    0x08005e0c   0x08005e0c   0x00000048   Code   RO          476    .text._ZN5c_wnd11show_windowEv  uicode.o
    0x08005e54   0x08005e54   0x00000008   Code   RO          516    .text._ZN5c_wnd13on_kill_focusEv  uicode.o
    0x08005e5c   0x08005e5c   0x000000b4   Code   RO          670    .text._ZN5c_wnd14load_child_wndEP15struct_wnd_tree  uicode.o
    0x08005f10   0x08005f10   0x00000008   Code   RO          528    .text._ZN5c_wnd14pre_create_wndEv  uicode.o
    0x08005f18   0x08005f18   0x0000008e   Code   RO          562    .text._ZN5c_wnd15set_child_focusEPS_  uicode.o
    0x08005fa6   0x08005fa6   0x00000002   PAD
    0x08005fa8   0x08005fa8   0x00000082   Code   RO          668    .text._ZN5c_wnd16add_child_2_tailEPS_  uicode.o
    0x0800602a   0x0800602a   0x00000002   PAD
    0x0800602c   0x0800602c   0x00000008   Code   RO          524    .text._ZN5c_wnd16on_init_childrenEv  uicode.o
    0x08006034   0x08006034   0x00000110   Code   RO          474    .text._ZN5c_wnd7connectEPS_tPKcssssP15struct_wnd_tree  uicode.o
    0x08006144   0x08006144   0x00000010   Code   RO          626    .text._ZN5c_wnd7set_strEPKc  uicode.o
    0x08006154   0x08006154   0x00000008   Code   RO          514    .text._ZN5c_wnd8on_focusEv  uicode.o
    0x0800615c   0x0800615c   0x00000008   Code   RO          526    .text._ZN5c_wnd8on_paintEv  uicode.o
    0x08006164   0x08006164   0x000000ce   Code   RO          484    .text._ZN5c_wnd8on_touchEii12TOUCH_ACTION  uicode.o
    0x08006232   0x08006232   0x00000002   PAD
    0x08006234   0x08006234   0x00000046   Code   RO          502    .text._ZN5c_wndC2Ev  uicode.o
    0x0800627a   0x0800627a   0x00000002   PAD
    0x0800627c   0x0800627c   0x00000018   Code   RO          522    .text._ZN5c_wndD0Ev  uicode.o
    0x08006294   0x08006294   0x0000000a   Code   RO          520    .text._ZN5c_wndD2Ev  uicode.o
    0x0800629e   0x0800629e   0x00000002   PAD
    0x080062a0   0x080062a0   0x00000098   Code   RO          612    .text._ZN6c_myUI10on_clickedEii  uicode.o
    0x08006338   0x08006338   0x000000ea   Code   RO          606    .text._ZN6c_myUI16on_init_childrenEv  uicode.o
    0x08006422   0x08006422   0x00000002   PAD
    0x08006424   0x08006424   0x00000060   Code   RO          608    .text._ZN6c_myUI8on_paintEv  uicode.o
    0x08006484   0x08006484   0x0000003e   Code   RO          448    .text._ZN6c_myUIC2Ev  uicode.o
    0x080064c2   0x080064c2   0x00000002   PAD
    0x080064c4   0x080064c4   0x00000018   Code   RO          604    .text._ZN6c_myUID0Ev  uicode.o
    0x080064dc   0x080064dc   0x00000014   Code   RO          450    .text._ZN6c_myUID2Ev  uicode.o
    0x080064f0   0x080064f0   0x0000005a   Code   RO          552    .text._ZN6c_rect8set_rectEiiii  uicode.o
    0x0800654a   0x0800654a   0x00000002   PAD
    0x0800654c   0x0800654c   0x0000002e   Code   RO          646    .text._ZN6c_rectC2Eiiii  uicode.o
    0x0800657a   0x0800657a   0x00000002   PAD
    0x0800657c   0x0800657c   0x00000016   Code   RO          464    .text._ZN6c_rectC2Ev  uicode.o
    0x08006592   0x08006592   0x00000002   PAD
    0x08006594   0x08006594   0x0000005c   Code   RO          634    .text._ZN6c_word11draw_stringEP9c_surfaceiPKviiS3_jj  uicode.o
    0x080065f0   0x080065f0   0x00000098   Code   RO          588    .text._ZN6c_word19draw_string_in_rectEP9c_surfaceiPKv6c_rectS3_jjj  uicode.o
    0x08006688   0x08006688   0x0000001a   Code   RO          640    .text._ZN7c_layerC2Ev  uicode.o
    0x080066a2   0x080066a2   0x00000002   PAD
    0x080066a4   0x080066a4   0x0000004c   Code   RO          460    .text._ZN7c_theme8add_fontE9FONT_LISTPKv  uicode.o
    0x080066f0   0x080066f0   0x00000044   Code   RO          600    .text._ZN7c_theme8get_fontE9FONT_LIST  uicode.o
    0x08006734   0x08006734   0x0000004c   Code   RO          462    .text._ZN7c_theme9add_colorE10COLOR_LISTj  uicode.o
    0x08006780   0x08006780   0x00000044   Code   RO          586    .text._ZN7c_theme9get_colorE10COLOR_LIST  uicode.o
    0x080067c4   0x080067c4   0x00000056   Code   RO          574    .text._ZN8c_button11on_navigateE14NAVIGATION_KEY  uicode.o
    0x0800681a   0x0800681a   0x00000002   PAD
    0x0800681c   0x0800681c   0x00000024   Code   RO          530    .text._ZN8c_button12set_on_clickEM5c_wndFviiE  uicode.o
    0x08006840   0x08006840   0x00000016   Code   RO          580    .text._ZN8c_button13on_kill_focusEv  uicode.o
    0x08006856   0x08006856   0x00000002   PAD
    0x08006858   0x08006858   0x00000032   Code   RO          576    .text._ZN8c_button14pre_create_wndEv  uicode.o
    0x0800688a   0x0800688a   0x00000002   PAD
    0x0800688c   0x0800688c   0x00000016   Code   RO          578    .text._ZN8c_button8on_focusEv  uicode.o
    0x080068a2   0x080068a2   0x00000002   PAD
    0x080068a4   0x080068a4   0x000002ac   Code   RO          584    .text._ZN8c_button8on_paintEv  uicode.o
    0x08006b50   0x08006b50   0x00000088   Code   RO          572    .text._ZN8c_button8on_touchEii12TOUCH_ACTION  uicode.o
    0x08006bd8   0x08006bd8   0x00000020   Code   RO          456    .text._ZN8c_buttonC2Ev  uicode.o
    0x08006bf8   0x08006bf8   0x00000018   Code   RO          582    .text._ZN8c_buttonD0Ev  uicode.o
    0x08006c10   0x08006c10   0x00000014   Code   RO          458    .text._ZN8c_buttonD2Ev  uicode.o
    0x08006c24   0x08006c24   0x0000000c   Code   RO          660    .text._ZN9c_display10get_heightEv  uicode.o
    0x08006c30   0x08006c30   0x0000000c   Code   RO          658    .text._ZN9c_display9get_widthEv  uicode.o
    0x08006c3c   0x08006c3c   0x00000046   Code   RO          468    .text._ZN9c_displayC2EPviiP9c_surface  uicode.o
    0x08006c82   0x08006c82   0x00000002   PAD
    0x08006c84   0x08006c84   0x0000004e   Code   RO          594    .text._ZN9c_surface10draw_hlineEiiijj  uicode.o
    0x08006cd2   0x08006cd2   0x00000002   PAD
    0x08006cd4   0x08006cd4   0x00000202   Code   RO          648    .text._ZN9c_surface10draw_pixelEiijj  uicode.o
    0x08006ed6   0x08006ed6   0x00000002   PAD
    0x08006ed8   0x08006ed8   0x0000004e   Code   RO          596    .text._ZN9c_surface10draw_vlineEiiijj  uicode.o
    0x08006f26   0x08006f26   0x00000002   PAD
    0x08006f28   0x08006f28   0x000000da   Code   RO          644    .text._ZN9c_surface11set_surfaceE13Z_ORDER_LEVEL6c_rect  uicode.o
    0x08007002   0x08007002   0x00000002   PAD
    0x08007004   0x08007004   0x0000003e   Code   RO          662    .text._ZN9c_surface14attach_displayEP9c_display  uicode.o
    0x08007042   0x08007042   0x00000002   PAD
    0x08007044   0x08007044   0x000001cc   Code   RO          652    .text._ZN9c_surface15fill_rect_on_fbEiiiij  uicode.o
    0x08007210   0x08007210   0x00000122   Code   RO          654    .text._ZN9c_surface16draw_pixel_on_fbEiij  uicode.o
    0x08007332   0x08007332   0x00000002   PAD
    0x08007334   0x08007334   0x0000004c   Code   RO          590    .text._ZN9c_surface9draw_rectE6c_rectjjj  uicode.o
    0x08007380   0x08007380   0x000000e2   Code   RO          592    .text._ZN9c_surface9draw_rectEiiiijjj  uicode.o
    0x08007462   0x08007462   0x00000002   PAD
    0x08007464   0x08007464   0x00000044   Code   RO          548    .text._ZN9c_surface9fill_rectE6c_rectjj  uicode.o
    0x080074a8   0x080074a8   0x00000230   Code   RO          650    .text._ZN9c_surface9fill_rectEiiiijj  uicode.o
    0x080076d8   0x080076d8   0x000001a0   Code   RO          638    .text._ZN9c_surface9get_pixelEiij  uicode.o
    0x08007878   0x08007878   0x00000110   Code   RO          466    .text._ZN9c_surfaceC2Ejjj13Z_ORDER_LEVEL6c_rect  uicode.o
    0x08007988   0x08007988   0x0000000c   Code   RO          566    .text._ZNK5c_wnd10get_parentEv  uicode.o
    0x08007994   0x08007994   0x0000005e   Code   RO          550    .text._ZNK5c_wnd10wnd2screenERiS0_  uicode.o
    0x080079f2   0x080079f2   0x00000002   PAD
    0x080079f4   0x080079f4   0x00000038   Code   RO          610    .text._ZNK5c_wnd11get_wnd_ptrEt  uicode.o
    0x08007a2c   0x08007a2c   0x0000002a   Code   RO          558    .text._ZNK5c_wnd12get_wnd_rectER6c_rect  uicode.o
    0x08007a56   0x08007a56   0x00000002   PAD
    0x08007a58   0x08007a58   0x0000002c   Code   RO          560    .text._ZNK5c_wnd12is_focus_wndEv  uicode.o
    0x08007a84   0x08007a84   0x00000038   Code   RO          564    .text._ZNK5c_wnd14get_last_childEv  uicode.o
    0x08007abc   0x08007abc   0x00000052   Code   RO          546    .text._ZNK5c_wnd15get_screen_rectER6c_rect  uicode.o
    0x08007b0e   0x08007b0e   0x00000002   PAD
    0x08007b10   0x08007b10   0x0000000c   Code   RO          534    .text._ZNK5c_wnd16get_next_siblingEv  uicode.o
    0x08007b1c   0x08007b1c   0x0000000c   Code   RO          624    .text._ZNK5c_wnd6get_idEv  uicode.o
    0x08007b28   0x08007b28   0x00000056   Code   RO          656    .text._ZNK6c_rect10pt_in_rectEii  uicode.o
    0x08007b7e   0x08007b7e   0x00000002   PAD
    0x08007b80   0x08007b80   0x00000012   Code   RO          554    .text._ZNK6c_rect5widthEv  uicode.o
    0x08007b92   0x08007b92   0x00000002   PAD
    0x08007b94   0x08007b94   0x00000012   Code   RO          556    .text._ZNK6c_rect6heightEv  uicode.o
    0x08007ba6   0x08007ba6   0x00000002   PAD
    0x08007ba8   0x08007ba8   0x0000005c   Code   RO          642    .text._ZNK6c_recteqERKS_  uicode.o
    0x08007c04   0x08007c04   0x00000004   Code   RO         1538    .text._ZdlPv        libcpp_w.l(new.cpp.o)
    0x08007c08   0x08007c08   0x00000010   Code   RO          792    .text.__NVIC_GetPriorityGrouping  stm32f4xx_hal_cortex.o
    0x08007c18   0x08007c18   0x00000042   Code   RO          794    .text.__NVIC_SetPriority  stm32f4xx_hal_cortex.o
    0x08007c5a   0x08007c5a   0x00000002   PAD
    0x08007c5c   0x08007c5c   0x0000003c   Code   RO          788    .text.__NVIC_SetPriorityGrouping  stm32f4xx_hal_cortex.o
    0x08007c98   0x08007c98   0x0000002c   Code   RO          244    .text.__cxx_global_var_init  uicode.o
    0x08007cc4   0x08007cc4   0x0000002c   Code   RO          260    .text.__cxx_global_var_init.10  uicode.o
    0x08007cf0   0x08007cf0   0x0000002c   Code   RO          262    .text.__cxx_global_var_init.11  uicode.o
    0x08007d1c   0x08007d1c   0x0000002c   Code   RO          264    .text.__cxx_global_var_init.12  uicode.o
    0x08007d48   0x08007d48   0x0000002c   Code   RO          266    .text.__cxx_global_var_init.13  uicode.o
    0x08007d74   0x08007d74   0x0000002c   Code   RO          268    .text.__cxx_global_var_init.14  uicode.o
    0x08007da0   0x08007da0   0x0000002c   Code   RO          270    .text.__cxx_global_var_init.15  uicode.o
    0x08007dcc   0x08007dcc   0x0000002c   Code   RO          272    .text.__cxx_global_var_init.16  uicode.o
    0x08007df8   0x08007df8   0x0000002c   Code   RO          274    .text.__cxx_global_var_init.17  uicode.o
    0x08007e24   0x08007e24   0x0000002c   Code   RO          276    .text.__cxx_global_var_init.18  uicode.o
    0x08007e50   0x08007e50   0x0000002c   Code   RO          278    .text.__cxx_global_var_init.19  uicode.o
    0x08007e7c   0x08007e7c   0x0000002c   Code   RO          280    .text.__cxx_global_var_init.20  uicode.o
    0x08007ea8   0x08007ea8   0x0000002c   Code   RO          282    .text.__cxx_global_var_init.21  uicode.o
    0x08007ed4   0x08007ed4   0x0000002c   Code   RO          284    .text.__cxx_global_var_init.22  uicode.o
    0x08007f00   0x08007f00   0x0000002c   Code   RO          286    .text.__cxx_global_var_init.23  uicode.o
    0x08007f2c   0x08007f2c   0x0000002c   Code   RO          288    .text.__cxx_global_var_init.24  uicode.o
    0x08007f58   0x08007f58   0x0000002c   Code   RO          290    .text.__cxx_global_var_init.25  uicode.o
    0x08007f84   0x08007f84   0x0000002c   Code   RO          292    .text.__cxx_global_var_init.26  uicode.o
    0x08007fb0   0x08007fb0   0x0000002c   Code   RO          294    .text.__cxx_global_var_init.27  uicode.o
    0x08007fdc   0x08007fdc   0x0000002c   Code   RO          296    .text.__cxx_global_var_init.28  uicode.o
    0x08008008   0x08008008   0x0000002c   Code   RO          298    .text.__cxx_global_var_init.29  uicode.o
    0x08008034   0x08008034   0x0000002c   Code   RO          246    .text.__cxx_global_var_init.3  uicode.o
    0x08008060   0x08008060   0x0000002c   Code   RO          300    .text.__cxx_global_var_init.30  uicode.o
    0x0800808c   0x0800808c   0x0000002c   Code   RO          302    .text.__cxx_global_var_init.31  uicode.o
    0x080080b8   0x080080b8   0x0000002c   Code   RO          304    .text.__cxx_global_var_init.32  uicode.o
    0x080080e4   0x080080e4   0x0000002c   Code   RO          306    .text.__cxx_global_var_init.33  uicode.o
    0x08008110   0x08008110   0x0000002c   Code   RO          308    .text.__cxx_global_var_init.34  uicode.o
    0x0800813c   0x0800813c   0x0000002c   Code   RO          310    .text.__cxx_global_var_init.35  uicode.o
    0x08008168   0x08008168   0x0000002c   Code   RO          312    .text.__cxx_global_var_init.36  uicode.o
    0x08008194   0x08008194   0x0000002c   Code   RO          314    .text.__cxx_global_var_init.37  uicode.o
    0x080081c0   0x080081c0   0x0000002c   Code   RO          316    .text.__cxx_global_var_init.38  uicode.o
    0x080081ec   0x080081ec   0x0000002c   Code   RO          318    .text.__cxx_global_var_init.39  uicode.o
    0x08008218   0x08008218   0x0000002c   Code   RO          248    .text.__cxx_global_var_init.4  uicode.o
    0x08008244   0x08008244   0x0000002c   Code   RO          320    .text.__cxx_global_var_init.40  uicode.o
    0x08008270   0x08008270   0x0000002c   Code   RO          322    .text.__cxx_global_var_init.41  uicode.o
    0x0800829c   0x0800829c   0x0000002c   Code   RO          324    .text.__cxx_global_var_init.42  uicode.o
    0x080082c8   0x080082c8   0x0000002c   Code   RO          326    .text.__cxx_global_var_init.43  uicode.o
    0x080082f4   0x080082f4   0x0000002c   Code   RO          328    .text.__cxx_global_var_init.44  uicode.o
    0x08008320   0x08008320   0x0000002c   Code   RO          330    .text.__cxx_global_var_init.45  uicode.o
    0x0800834c   0x0800834c   0x0000002c   Code   RO          332    .text.__cxx_global_var_init.46  uicode.o
    0x08008378   0x08008378   0x0000002c   Code   RO          334    .text.__cxx_global_var_init.47  uicode.o
    0x080083a4   0x080083a4   0x0000002c   Code   RO          336    .text.__cxx_global_var_init.48  uicode.o
    0x080083d0   0x080083d0   0x0000002c   Code   RO          338    .text.__cxx_global_var_init.49  uicode.o
    0x080083fc   0x080083fc   0x0000002c   Code   RO          250    .text.__cxx_global_var_init.5  uicode.o
    0x08008428   0x08008428   0x0000002c   Code   RO          340    .text.__cxx_global_var_init.50  uicode.o
    0x08008454   0x08008454   0x0000002c   Code   RO          252    .text.__cxx_global_var_init.6  uicode.o
    0x08008480   0x08008480   0x0000002c   Code   RO          254    .text.__cxx_global_var_init.7  uicode.o
    0x080084ac   0x080084ac   0x0000002c   Code   RO          256    .text.__cxx_global_var_init.8  uicode.o
    0x080084d8   0x080084d8   0x0000002c   Code   RO          258    .text.__cxx_global_var_init.9  uicode.o
    0x08008504   0x08008504   0x00000004   Code   RO         1839    .text.abort_message  libcppabi_w.l(abort_message.cpp.o)
    0x08008508   0x08008508   0x00000014   Code   RO          234    .text.delay_ms      uicode.o
    0x0800851c   0x0800851c   0x0000004c   Code   RO            6    .text.main          main.o
    0x08008568   0x08008568   0x00000060   Code   RO         1581    .text.unlikely.__cxa_guard_acquire  libcppabi_w.l(cxa_guard.cpp.o)
    0x080085c8   0x080085c8   0x00000008   Code   RO         1583    .text.unlikely.__cxa_guard_release  libcppabi_w.l(cxa_guard.cpp.o)
    0x080085d0   0x080085d0   0x0000003e   Code   RO         1973    CL$$btod_d2e        c_w.l(btod.o)
    0x0800860e   0x0800860e   0x00000046   Code   RO         1975    CL$$btod_d2e_denorm_low  c_w.l(btod.o)
    0x08008654   0x08008654   0x00000060   Code   RO         1974    CL$$btod_d2e_norm_op1  c_w.l(btod.o)
    0x080086b4   0x080086b4   0x00000338   Code   RO         1983    CL$$btod_div_common  c_w.l(btod.o)
    0x080089ec   0x080089ec   0x000000dc   Code   RO         1980    CL$$btod_e2e        c_w.l(btod.o)
    0x08008ac8   0x08008ac8   0x0000002a   Code   RO         1977    CL$$btod_ediv       c_w.l(btod.o)
    0x08008af2   0x08008af2   0x0000002a   Code   RO         1976    CL$$btod_emul       c_w.l(btod.o)
    0x08008b1c   0x08008b1c   0x00000244   Code   RO         1982    CL$$btod_mult_common  c_w.l(btod.o)
    0x08008d60   0x08008d60   0x00000030   Code   RO         2045    i.__ARM_fpclassify  m_wm.l(fpclassify.o)
    0x08008d90   0x08008d90   0x0000000e   Code   RO         1717    i._is_digit         c_w.l(__printf_wp.o)
    0x08008d9e   0x08008d9e   0x00000002   PAD
    0x08008da0   0x08008da0   0x0000002c   Code   RO         1998    locale$$code        c_w.l(lc_numeric_c.o)
    0x08008dcc   0x08008dcc   0x0000002c   Code   RO         2054    locale$$code        c_w.l(lc_ctype_c.o)
    0x08008df8   0x08008df8   0x000002b4   Code   RO         1518    x$fpl$ddiv          fz_wm.l(ddiv.o)
    0x080090ac   0x080090ac   0x0000002e   Code   RO         1522    x$fpl$dflt          fz_wm.l(dflt_clz.o)
    0x080090da   0x080090da   0x0000009c   Code   RO         1809    x$fpl$dnaninf       fz_wm.l(dnaninf.o)
    0x08009176   0x08009176   0x0000000c   Code   RO         1811    x$fpl$dretinf       fz_wm.l(dretinf.o)
    0x08009182   0x08009182   0x0000001a   Code   RO         1926    x$fpl$fpinit        fz_wm.l(fpinit.o)
    0x0800919c   0x0800919c   0x00000004   Code   RO         1813    x$fpl$printf1       fz_wm.l(printf1.o)
    0x080091a0   0x080091a0   0x00000004   Code   RO         1815    x$fpl$printf2       fz_wm.l(printf2.o)
    0x080091a4   0x080091a4   0x00000000   Code   RO         1821    x$fpl$usenofp       fz_wm.l(usenofp.o)
    0x080091a4   0x080091a4   0x00000008   Data   RO         1676    .constdata          c_w.l(_printf_wctomb.o)
    0x080091ac   0x080091ac   0x00000028   Data   RO         1705    .constdata          c_w.l(_printf_hex_int_ll_ptr.o)
    0x080091d4   0x080091d4   0x00000011   Data   RO         1725    .constdata          c_w.l(__printf_flags_ss_wp.o)
    0x080091e5   0x080091e5   0x00000026   Data   RO         1902    .constdata          c_w.l(_printf_fp_hex.o)
    0x0800920b   0x0800920b   0x00000001   PAD
    0x0800920c   0x0800920c   0x00000094   Data   RO         1971    .constdata          c_w.l(bigflt0.o)
    0x080092a0   0x080092a0   0x00000005   Data   RO          111    .rodata..L.str      flash.o
    0x080092a5   0x080092a5   0x00000006   Data   RO          189    .rodata..L.str.3    lcd_devebox.o
    0x080092ab   0x080092ab   0x00000003   Data   RO          190    .rodata..L.str.4    lcd_devebox.o
    0x080092ae   0x080092ae   0x00000003   Data   RO          191    .rodata..L.str.6    lcd_devebox.o
    0x080092b1   0x080092b1   0x00000003   PAD
    0x080092b4   0x080092b4   0x00000018   Data   RO           53    .rodata..L__const.Blink.GPIO_InitTypeDef  blink.o
    0x080092cc   0x080092cc   0x00000014   Data   RO           54    .rodata..L__const.Blink.TIM_InitTypeDef  blink.o
    0x080092e0   0x080092e0   0x00000018   Data   RO          110    .rodata..L__const.Flash.GPIO_InitTypeDef  flash.o
    0x080092f8   0x080092f8   0x00000018   Data   RO          184    .rodata..L__const.LcdDevEBox.GPIO_InitTypeDef  lcd_devebox.o
    0x08009310   0x08009310   0x00000010   Data   RO         1481    .rodata.AHBPrescTable  system_stm32f4xx.o
    0x08009320   0x08009320   0x00000008   Data   RO         1482    .rodata.APBPrescTable  system_stm32f4xx.o
    0x08009328   0x08009328   0x0000000c   Data   RO          706    .rodata.Lucida_Console_27  lucida_console_27.o
    0x08009334   0x08009334   0x00000100   Data   RO          429    .rodata._ZL12s_wave_data1  uicode.o
    0x08009434   0x08009434   0x0000003c   Data   RO          430    .rodata._ZL12s_wave_data2  uicode.o
    0x08009470   0x08009470   0x00000100   Data   RO          431    .rodata._ZL12s_wave_data3  uicode.o
    0x08009570   0x08009570   0x000000c2   Data   RO          707    .rodata._ZL3_71     lucida_console_27.o
    0x08009632   0x08009632   0x0000008a   Data   RO          708    .rodata._ZL3_76     lucida_console_27.o
    0x080096bc   0x080096bc   0x0000009e   Data   RO          709    .rodata._ZL4_101    lucida_console_27.o
    0x0800975a   0x0800975a   0x0000008a   Data   RO          710    .rodata._ZL4_105    lucida_console_27.o
    0x080097e4   0x080097e4   0x00000090   Data   RO          711    .rodata._ZL4_116    lucida_console_27.o
    0x08009874   0x08009874   0x000000cc   Data   RO          712    .rodata._ZL4_117    lucida_console_27.o
    0x08009940   0x08009940   0x00000144   Data   RO          713    .rodata._ZL9_14851492  lucida_console_27.o
    0x08009a84   0x08009a84   0x00000106   Data   RO          714    .rodata._ZL9_15043989  lucida_console_27.o
    0x08009b8a   0x08009b8a   0x000000f2   Data   RO          715    .rodata._ZL9_15113402  lucida_console_27.o
    0x08009c7c   0x08009c7c   0x0000007e   Data   RO          716    .rodata._ZL9_15174023  lucida_console_27.o
    0x08009cfa   0x08009cfa   0x00000002   PAD
    0x08009cfc   0x08009cfc   0x00000038   Data   RO          694    .rodata._ZTV10c_keyboard  uicode.o
    0x08009d34   0x08009d34   0x00000034   Data   RO          700    .rodata._ZTV11c_wave_ctrl  uicode.o
    0x08009d68   0x08009d68   0x00000018   Data   RO          702    .rodata._ZTV15c_surface_no_fb  uicode.o
    0x08009d80   0x08009d80   0x00000034   Data   RO          696    .rodata._ZTV17c_keyboard_button  uicode.o
    0x08009db4   0x08009db4   0x0000001c   Data   RO          693    .rodata._ZTV17c_lattice_font_op  uicode.o
    0x08009dd0   0x08009dd0   0x00000034   Data   RO          695    .rodata._ZTV5c_wnd  uicode.o
    0x08009e04   0x08009e04   0x00000034   Data   RO          698    .rodata._ZTV6c_myUI  uicode.o
    0x08009e38   0x08009e38   0x00000034   Data   RO          697    .rodata._ZTV8c_button  uicode.o
    0x08009e6c   0x08009e6c   0x00000018   Data   RO          701    .rodata._ZTV9c_surface  uicode.o
    0x08009e84   0x08009e84   0x00000020   Data   RO          192    .rodata.cst16       lcd_devebox.o
    0x08009ea4   0x08009ea4   0x00000004   Data   RO          187    .rodata.cst4        lcd_devebox.o
    0x08009ea8   0x08009ea8   0x0000000f   Data   RO          188    .rodata.str1.1      lcd_devebox.o
    0x08009eb7   0x08009eb7   0x00000055   Data   RO          365    .rodata.str1.1      uicode.o
    0x08009f0c   0x08009f0c   0x00000020   Data   RO         2101    Region$$Table       anon$$obj.o
    0x08009f2c   0x08009f2c   0x0000001c   Data   RO         1997    locale$$data        c_w.l(lc_numeric_c.o)
    0x08009f48   0x08009f48   0x00000110   Data   RO         2053    locale$$data        c_w.l(lc_ctype_c.o)
    0x0800a058   0x0800a058   0x00000004   Data   RO          432    .init_array         uicode.o
    0x0800a05c   0x0800a058   0x00000000   Data   RO         1512    .init_array         c_w.l(init_aeabi.o)


    Execution Region RW_IRAM1 (Exec base: 0x20000000, Load base: 0x0800a060, Size: 0x000052c8, Max: 0x00020000, ABSOLUTE, COMPRESSED[0x00000258])

    Exec Addr    Load Addr    Size         Type   Attr      Idx    E Section Name        Object

    0x20000000   COMPRESSED   0x00000004   Data   RW         1480    .data.SystemCoreClock  system_stm32f4xx.o
    0x20000004   COMPRESSED   0x00000078   Data   RW          705    .data._ZL13lattice_array  lucida_console_27.o
    0x2000007c   COMPRESSED   0x00000078   Data   RW          428    .data._ZL15s_myUI_children  uicode.o
    0x200000f4   COMPRESSED   0x00000004   Data   RW          362    .data._ZN6c_word12fontOperatorE  uicode.o
    0x200000f8   COMPRESSED   0x00000100   Data   RW          703    .data._ZZN17c_lattice_font_op13get_utf8_codeEPKcRjE19s_utf8_length_table  uicode.o
    0x200001f8   COMPRESSED   0x00000330   Data   RW          411    .data.g_key_board_children  uicode.o
    0x20000528   COMPRESSED   0x00000168   Data   RW          412    .data.g_number_board_children  uicode.o
    0x20000690   COMPRESSED   0x00000004   Data   RW          361    .data.the_lattice_font_op  uicode.o
    0x20000694   COMPRESSED   0x00000001   Data   RW          777    .data.uwTickFreq    stm32f4xx_hal.o
    0x20000695   COMPRESSED   0x00000003   PAD
    0x20000698   COMPRESSED   0x00000004   Data   RW          776    .data.uwTickPrio    stm32f4xx_hal.o
    0x2000069c   COMPRESSED   0x00000004   PAD
    0x200006a0        -       0x00000060   Zero   RW         1944    .bss                c_w.l(libspace.o)
    0x20000700        -       0x00000004   Zero   RW          425    .bss._ZGVZ9create_uiPviiiP15EXTERNAL_GFX_OPE13surface_no_fb  uicode.o
    0x20000704        -       0x00000004   Zero   RW          421    .bss._ZGVZ9create_uiPviiiP15EXTERNAL_GFX_OPE7display  uicode.o
    0x20000708        -       0x00000004   Zero   RW          427    .bss._ZGVZ9create_uiPviiiP15EXTERNAL_GFX_OPE7display_0  uicode.o
    0x2000070c        -       0x00000004   Zero   RW          419    .bss._ZGVZ9create_uiPviiiP15EXTERNAL_GFX_OPE7surface  uicode.o
    0x20000710        -       0x00000004   Zero   RW          186    .bss._ZGVZN10LcdDevEBox8instanceEvE9singleton  lcd_devebox.o
    0x20000714        -       0x00000004   Zero   RW           56    .bss._ZGVZN5Blink8instanceEvE9singleton  blink.o
    0x20000718        -       0x00000004   Zero   RW          113    .bss._ZGVZN5Flash8instanceEvE9singleton  flash.o
    0x2000071c        -       0x00000050   Zero   RW          405    .bss._ZL10s_key_caps  uicode.o
    0x2000076c        -       0x00000050   Zero   RW          407    .bss._ZL11s_key_enter  uicode.o
    0x200007bc        -       0x00000050   Zero   RW          406    .bss._ZL11s_key_space  uicode.o
    0x2000080c        -       0x00000050   Zero   RW          410    .bss._ZL16s_key_num_switch  uicode.o
    0x2000085c        -       0x00001938   Zero   RW          413    .bss._ZL6s_myUI     uicode.o
    0x20002194        -       0x00000050   Zero   RW          368    .bss._ZL7s_key_0    uicode.o
    0x200021e4        -       0x00000050   Zero   RW          369    .bss._ZL7s_key_1    uicode.o
    0x20002234        -       0x00000050   Zero   RW          370    .bss._ZL7s_key_2    uicode.o
    0x20002284        -       0x00000050   Zero   RW          371    .bss._ZL7s_key_3    uicode.o
    0x200022d4        -       0x00000050   Zero   RW          372    .bss._ZL7s_key_4    uicode.o
    0x20002324        -       0x00000050   Zero   RW          373    .bss._ZL7s_key_5    uicode.o
    0x20002374        -       0x00000050   Zero   RW          374    .bss._ZL7s_key_6    uicode.o
    0x200023c4        -       0x00000050   Zero   RW          375    .bss._ZL7s_key_7    uicode.o
    0x20002414        -       0x00000050   Zero   RW          376    .bss._ZL7s_key_8    uicode.o
    0x20002464        -       0x00000050   Zero   RW          377    .bss._ZL7s_key_9    uicode.o
    0x200024b4        -       0x00000050   Zero   RW          378    .bss._ZL7s_key_A    uicode.o
    0x20002504        -       0x00000050   Zero   RW          379    .bss._ZL7s_key_B    uicode.o
    0x20002554        -       0x00000050   Zero   RW          380    .bss._ZL7s_key_C    uicode.o
    0x200025a4        -       0x00000050   Zero   RW          381    .bss._ZL7s_key_D    uicode.o
    0x200025f4        -       0x00000050   Zero   RW          382    .bss._ZL7s_key_E    uicode.o
    0x20002644        -       0x00000050   Zero   RW          383    .bss._ZL7s_key_F    uicode.o
    0x20002694        -       0x00000050   Zero   RW          384    .bss._ZL7s_key_G    uicode.o
    0x200026e4        -       0x00000050   Zero   RW          385    .bss._ZL7s_key_H    uicode.o
    0x20002734        -       0x00000050   Zero   RW          386    .bss._ZL7s_key_I    uicode.o
    0x20002784        -       0x00000050   Zero   RW          387    .bss._ZL7s_key_J    uicode.o
    0x200027d4        -       0x00000050   Zero   RW          388    .bss._ZL7s_key_K    uicode.o
    0x20002824        -       0x00000050   Zero   RW          389    .bss._ZL7s_key_L    uicode.o
    0x20002874        -       0x00000050   Zero   RW          390    .bss._ZL7s_key_M    uicode.o
    0x200028c4        -       0x00000050   Zero   RW          391    .bss._ZL7s_key_N    uicode.o
    0x20002914        -       0x00000050   Zero   RW          392    .bss._ZL7s_key_O    uicode.o
    0x20002964        -       0x00000050   Zero   RW          393    .bss._ZL7s_key_P    uicode.o
    0x200029b4        -       0x00000050   Zero   RW          394    .bss._ZL7s_key_Q    uicode.o
    0x20002a04        -       0x00000050   Zero   RW          395    .bss._ZL7s_key_R    uicode.o
    0x20002a54        -       0x00000050   Zero   RW          396    .bss._ZL7s_key_S    uicode.o
    0x20002aa4        -       0x00000050   Zero   RW          397    .bss._ZL7s_key_T    uicode.o
    0x20002af4        -       0x00000050   Zero   RW          398    .bss._ZL7s_key_U    uicode.o
    0x20002b44        -       0x00000050   Zero   RW          399    .bss._ZL7s_key_V    uicode.o
    0x20002b94        -       0x00000050   Zero   RW          400    .bss._ZL7s_key_W    uicode.o
    0x20002be4        -       0x00000050   Zero   RW          401    .bss._ZL7s_key_X    uicode.o
    0x20002c34        -       0x00000050   Zero   RW          402    .bss._ZL7s_key_Y    uicode.o
    0x20002c84        -       0x00000050   Zero   RW          403    .bss._ZL7s_key_Z    uicode.o
    0x20002cd4        -       0x000000d8   Zero   RW          414    .bss._ZL7s_wave1    uicode.o
    0x20002dac        -       0x000000d8   Zero   RW          415    .bss._ZL7s_wave2    uicode.o
    0x20002e84        -       0x000000d8   Zero   RW          416    .bss._ZL7s_wave3    uicode.o
    0x20002f5c        -       0x00000050   Zero   RW          417    .bss._ZL8s_button   uicode.o
    0x20002fac        -       0x00000004   Zero   RW          363    .bss._ZL9do_assert  uicode.o
    0x20002fb0        -       0x00000004   Zero   RW          423    .bss._ZL9s_display  uicode.o
    0x20002fb4        -       0x00000050   Zero   RW          408    .bss._ZL9s_key_del  uicode.o
    0x20003004        -       0x00000050   Zero   RW          404    .bss._ZL9s_key_dot  uicode.o
    0x20003054        -       0x00000050   Zero   RW          409    .bss._ZL9s_key_esc  uicode.o
    0x200030a4        -       0x00000004   Zero   RW          422    .bss._ZL9s_surface  uicode.o
    0x200030a8        -       0x00000078   Zero   RW          367    .bss._ZN6c_edit10s_keyboardE  uicode.o
    0x20003120        -       0x00000020   Zero   RW          358    .bss._ZN7c_theme10s_font_mapE  uicode.o
    0x20003140        -       0x0000002c   Zero   RW          360    .bss._ZN7c_theme11s_color_mapE  uicode.o
    0x2000316c        -       0x00000064   Zero   RW          424    .bss._ZZ9create_uiPviiiP15EXTERNAL_GFX_OPE13surface_no_fb  uicode.o
    0x200031d0        -       0x00000038   Zero   RW          420    .bss._ZZ9create_uiPviiiP15EXTERNAL_GFX_OPE7display  uicode.o
    0x20003208        -       0x00000038   Zero   RW          426    .bss._ZZ9create_uiPviiiP15EXTERNAL_GFX_OPE7display_0  uicode.o
    0x20003240        -       0x00000060   Zero   RW          418    .bss._ZZ9create_uiPviiiP15EXTERNAL_GFX_OPE7surface  uicode.o
    0x200032a0        -       0x0000000e   Zero   RW          185    .bss._ZZN10LcdDevEBox8instanceEvE9singleton  lcd_devebox.o
    0x200032ae   COMPRESSED   0x00000002   PAD
    0x200032b0        -       0x00000004   Zero   RW           55    .bss._ZZN5Blink8instanceEvE9singleton  blink.o
    0x200032b4        -       0x00000002   Zero   RW          112    .bss._ZZN5Flash8instanceEvE9singleton  flash.o
    0x200032b6   COMPRESSED   0x00000002   PAD
    0x200032b8        -       0x00000004   Zero   RW          699    .bss._ZZN6c_myUI10on_clickedEiiE5index  uicode.o
    0x200032bc        -       0x00000008   Zero   RW            8    .bss.my_gfx_op      main.o
    0x200032c4   COMPRESSED   0x00000004   PAD
    0x200032c8        -       0x00001000   Zero   RW         1468    HEAP                startup_stm32f411xe.o
    0x200042c8        -       0x00001000   Zero   RW         1467    STACK               startup_stm32f411xe.o


==============================================================================

Image component sizes


      Code (inc. data)   RO Data    RW Data    ZI Data      Debug   Object Name

       888          0         44          0          8       9995   blink.o
       736          0         29          0          6       9554   flash.o
      2690         12         87          0         18      12349   lcd_devebox.o
         0          0       1942        120          0       9288   lucida_console_27.o
       214          0          0          0          8       2489   main.o
        64         26        408          0       8192        888   startup_stm32f411xe.o
       160          0          0          5          0       6880   stm32f4xx_hal.o
       414          0          0          0          0       9135   stm32f4xx_hal_cortex.o
       918          0          0          0          0       5192   stm32f4xx_ll_gpio.o
       522          0          0          0          0       6284   stm32f4xx_ll_rcc.o
       188          0          0          0          0       5320   stm32f4xx_ll_spi.o
       368          0          0          0          0       9521   stm32f4xx_ll_tim.o
       168          0          0          0          0       7019   stm32f4xx_ll_utils.o
       320          0         24          4          0       2670   system_stm32f4xx.o
     20128         32       1053       1560      11160      73012   uicode.o

    ----------------------------------------------------------------------
     27988         70       3624       1692      19404     169596   Object Totals
         0          0         32          0          0          0   (incl. Generated)
       210          0          5          3         12          0   (incl. Padding)

    ----------------------------------------------------------------------

      Code (inc. data)   RO Data    RW Data    ZI Data      Debug   Library Member Name

        90          0          0          0          0          0   __dczerorl2.o
         8          0          0          0          0         68   __main.o
       392          4         17          0          0         92   __printf_flags_ss_wp.o
        14          0          0          0          0         68   __printf_wp.o
         0          0          0          0          0          0   __rtentry.o
        12          0          0          0          0          0   __rtentry2.o
         6          0          0          0          0          0   __rtentry4.o
        52          8          0          0          0          0   __scatter.o
        28          0          0          0          0          0   __scatter_zi.o
        72          0          0          0          0         96   _c16rtomb.o
         6          0          0          0          0          0   _printf_a.o
         6          0          0          0          0          0   _printf_c.o
        44          0          0          0          0        108   _printf_char.o
        48          6          0          0          0         96   _printf_char_common.o
        40          0          0          0          0         68   _printf_charcount.o
         6          0          0          0          0          0   _printf_d.o
       120         16          0          0          0         92   _printf_dec.o
         6          0          0          0          0          0   _printf_e.o
         6          0          0          0          0          0   _printf_f.o
      1052          0          0          0          0        148   _printf_fp_dec.o
       764          8         38          0          0        100   _printf_fp_hex.o
       128         16          0          0          0         84   _printf_fp_infnan.o
         6          0          0          0          0          0   _printf_g.o
       148          4         40          0          0        160   _printf_hex_int_ll_ptr.o
         6          0          0          0          0          0   _printf_i.o
       178          0          0          0          0         88   _printf_intcommon.o
        10          0          0          0          0          0   _printf_l.o
         6          0          0          0          0          0   _printf_lc.o
        10          0          0          0          0          0   _printf_ll.o
         6          0          0          0          0          0   _printf_lld.o
         6          0          0          0          0          0   _printf_lli.o
         6          0          0          0          0          0   _printf_llo.o
         6          0          0          0          0          0   _printf_llu.o
         6          0          0          0          0          0   _printf_llx.o
       124         16          0          0          0         92   _printf_longlong_dec.o
         6          0          0          0          0          0   _printf_ls.o
         6          0          0          0          0          0   _printf_n.o
         6          0          0          0          0          0   _printf_o.o
       112          8          0          0          0        124   _printf_oct_int_ll.o
         6          0          0          0          0          0   _printf_p.o
        78          0          0          0          0        108   _printf_pad.o
         0          0          0          0          0          0   _printf_percent.o
         4          0          0          0          0          0   _printf_percent_end.o
         6          0          0          0          0          0   _printf_s.o
        82          0          0          0          0         80   _printf_str.o
        36          0          0          0          0         84   _printf_truncate.o
         6          0          0          0          0          0   _printf_u.o
        44          0          0          0          0        108   _printf_wchar.o
       188          6          8          0          0         92   _printf_wctomb.o
         6          0          0          0          0          0   _printf_x.o
        10          0          0          0          0         68   _sputc.o
        22          0          0          0          0         80   abort.o
        46          0          0          0          0         84   aeabi_atexit.o
       228          4        148          0          0         96   bigflt0.o
      1936        128          0          0          0        668   btod.o
        40          0          0          0          0         80   calloc.o
        10          0          0          0          0         68   cxa_atexit.o
        66          0          0          0          0         84   cxa_finalize.o
        48         34          0          0          0         76   defsig_abrt_inner.o
        14          0          0          0          0         80   defsig_abrt_outer.o
        10          0          0          0          0         68   defsig_exit.o
        50          0          0          0          0         88   defsig_general.o
        80         58          0          0          0         76   defsig_rtmem_inner.o
        14          0          0          0          0         80   defsig_rtmem_outer.o
        18          0          0          0          0         80   exit.o
        94          0          0          0          0         80   h1_alloc.o
        52          0          0          0          0         68   h1_extend.o
        78          0          0          0          0         80   h1_free.o
        14          0          0          0          0         84   h1_init.o
         6          0          0          0          0        152   heapauxi.o
         4          0          0          0          0        136   hguard.o
         0          0          0          0          0          0   indicate_semi.o
        36          8          0          0          0         80   init_aeabi.o
       138          0          0          0          0        168   init_alloc.o
        44         10        272          0          0         76   lc_ctype_c.o
        44         10         28          0          0         76   lc_numeric_c.o
         2          0          0          0          0          0   libinit.o
        46          0          0          0          0          0   libinit2.o
         2          0          0          0          0          0   libshutdown.o
         8          0          0          0          0          0   libshutdown2.o
         8          4          0          0         96         68   libspace.o
       138          0          0          0          0         80   lludiv10.o
         0          0          0          0          0          0   maybetermalloc1.o
        16          4          0          0          0         76   rt_ctype_table.o
         8          4          0          0          0         68   rt_ddtor_pointer_addr_intlibspace.o
         8          4          0          0          0         68   rt_heap_descriptor_intlibspace.o
         8          4          0          0          0         68   rt_locale_intlibspace.o
        68          0          0          0          0         68   rt_memclr.o
        78          0          0          0          0         80   rt_memclr_w.o
         2          0          0          0          0          0   rtexit.o
        10          0          0          0          0          0   rtexit2.o
        44          6          0          0          0         84   sprintf.o
       124          0          0          0          0         88   strcmpv7em.o
        12          4          0          0          0         68   sys_exit.o
        74          0          0          0          0         80   sys_stackheap_outer.o
        14          0          0          0          0         76   sys_wrch.o
         2          0          0          0          0         68   use_no_semi.o
       692        140          0          0          0        264   ddiv.o
        46          0          0          0          0        116   dflt_clz.o
       156          4          0          0          0        140   dnaninf.o
        12          0          0          0          0        116   dretinf.o
        26          0          0          0          0        116   fpinit.o
         4          0          0          0          0        116   printf1.o
         4          0          0          0          0        116   printf2.o
         0          0          0          0          0          0   usenofp.o
         4          0          0          0          0        380   new.cpp.o
         4          0          0          0          0         36   abort_message.cpp.o
       104         56          0          0          0         76   cxa_guard.cpp.o
        48          0          0          0          0        124   fpclassify.o

    ----------------------------------------------------------------------
      8888        574        552          0         96       7372   Library Totals
        10          0          1          0          0          0   (incl. Padding)

    ----------------------------------------------------------------------

      Code (inc. data)   RO Data    RW Data    ZI Data      Debug   Library Name

      7778        374        551          0         96       5772   c_w.l
       940        144          0          0          0        984   fz_wm.l
         4          0          0          0          0        380   libcpp_w.l
       108         56          0          0          0        112   libcppabi_w.l
        48          0          0          0          0        124   m_wm.l

    ----------------------------------------------------------------------
      8888        574        552          0         96       7372   Library Totals

    ----------------------------------------------------------------------

==============================================================================


      Code (inc. data)   RO Data    RW Data    ZI Data      Debug   

     36876        644       4176       1692      19500     172792   Grand Totals
     36876        644       4176        600      19500     172792   ELF Image Totals (compressed)
     36876        644       4176        600          0          0   ROM Totals

==============================================================================

    Total RO  Size (Code + RO Data)                41052 (  40.09kB)
    Total RW  Size (RW Data + ZI Data)             21192 (  20.70kB)
    Total ROM Size (Code + RO Data + RW Data)      41652 (  40.68kB)

==============================================================================

